Command: vcs -R +v2k -full64 -f sim.f -debug_acc -l sim_TEAPOT_PAT2_PRESIM.log +define+TEAPOT \
+define+PAT2 +define+PRESIM
*** Using c compiler gcc instead of cc ...
                         Chronologic VCS (TM)
         Version N-2017.12_Full64 -- Wed Dec 25 14:34:22 2024
               Copyright (c) 1991-2017 by Synopsys Inc.
                         ALL RIGHTS RESERVED

This program is proprietary and confidential information of Synopsys Inc.
and may be used and disclosed only as authorized in a license agreement
controlling such use and disclosure.

Parsing design file 'test_Graphic_3Dto2D_top.v'
Parsing design file 'sram_model/sram_depth.v'
Parsing design file 'sram_model/sram_face.v'
Parsing design file 'sram_model/sram_screen_buffer_color.v'
Parsing design file 'sram_model/sram_vertex_color.v'
Parsing design file 'sram_model/sram_vertex_position.v'
Parsing design file '../hdl/Graphic_3Dto2D_top.v'
Parsing design file '../hdl/controller.v'
Parsing design file '../hdl/cross_product.v'
Parsing design file '../hdl/divider.v'
Parsing design file '../hdl/divider_unit.v'
Parsing design file '../hdl/divider_unit_last.v'
Parsing design file '../hdl/getColorDepth.v'
Parsing design file '../hdl/inv_sqrt.v'
Parsing design file '../hdl/inv_sqrt_LUT.v'
Parsing design file '../hdl/neg_dot_product.v'
Parsing design file '../hdl/Rasterizer.v'
Parsing design file '../hdl/vertex_shader.v'
Top Level Modules:
       test_Graphic_3Dto2D_top
TimeScale is 1 ns / 100 ps
Starting vcs inline pass...
9 modules and 0 UDP read.
recompiling module test_Graphic_3Dto2D_top
	However, due to incremental compilation, only 1 module needs to be compiled. 
rm -f _csrc*.so pre_vcsobj_*.so share_vcsobj_*.so
ld -shared  -o .//../simv.daidir//_csrc0.so objs/amcQw_d.o 
rm -f _csrc0.so
if [ -x ../simv ]; then chmod -x ../simv; fi
g++  -o ../simv   -Wl,-rpath-link=./ -Wl,-rpath='$ORIGIN'/simv.daidir/ -Wl,-rpath=./simv.daidir/ \
-Wl,-rpath='$ORIGIN'/simv.daidir//scsim.db.dir  -rdynamic     _19438_archive_1.so \
_prev_archive_1.so _csrc0.so  SIM_l.o  _csrc0.so     rmapats_mop.o rmapats.o rmar.o \
rmar_nd.o  rmar_llvm_0_1.o rmar_llvm_0_0.o          /usr/cad/synopsys/vcs/2017.12/linux64/lib/libzerosoft_rt_stubs.so \
/usr/cad/synopsys/vcs/2017.12/linux64/lib/libvirsim.so /usr/cad/synopsys/vcs/2017.12/linux64/lib/liberrorinf.so \
/usr/cad/synopsys/vcs/2017.12/linux64/lib/libsnpsmalloc.so /usr/cad/synopsys/vcs/2017.12/linux64/lib/libvfs.so \
/usr/cad/synopsys/vcs/2017.12/linux64/lib/libvcsnew.so /usr/cad/synopsys/vcs/2017.12/linux64/lib/libsimprofile.so \
/usr/cad/synopsys/vcs/2017.12/linux64/lib/libuclinative.so /usr/cad/synopsys/vcs/2017.12/linux64/lib/vcs_tls.o \
-Wl,-whole-archive /usr/cad/synopsys/vcs/2017.12/linux64/lib/libvcsucli.so -Wl,-no-whole-archive \
_vcs_pli_stub_.o   /usr/cad/synopsys/vcs/2017.12/linux64/lib/vcs_save_restore_new.o \
/usr/cad/synopsys/verdi/2019.06/share/PLI/VCS/LINUX64/pli.a -ldl  -lc -lm -lpthread \
-ldl 
../simv up to date
Command: /home/u110/u110060035/ICLAB/final_project/3D-rendering-accelerator/code/sim/./simv +v2k -a sim_TEAPOT_PAT2_PRESIM.log +define+TEAPOT +define+PAT2 +define+PRESIM
Chronologic VCS simulator copyright 1991-2017
Contains Synopsys proprietary information.
Compiler version N-2017.12_Full64; Runtime version N-2017.12_Full64;  Dec 25 14:34 2024
cycle:         100, I'm still alive :). weeeeeee
cycle:         200, I'm still alive :). weeeeeee
cycle:         300, I'm still alive :). weeeeeee
cycle:         400, I'm still alive :). weeeeeee
cycle:         500, I'm still alive :). weeeeeee
cycle:         600, I'm still alive :). weeeeeee
cycle:         700, I'm still alive :). weeeeeee
cycle:         800, I'm still alive :). weeeeeee
cycle:         900, I'm still alive :). weeeeeee
cycle:        1000, I'm still alive :). weeeeeee
cycle:        1100, I'm still alive :). weeeeeee
cycle:        1200, I'm still alive :). weeeeeee
cycle:        1300, I'm still alive :). weeeeeee
cycle:        1400, I'm still alive :). weeeeeee
cycle:        1500, I'm still alive :). weeeeeee
cycle:        1600, I'm still alive :). weeeeeee
cycle:        1700, I'm still alive :). weeeeeee
cycle:        1800, I'm still alive :). weeeeeee
cycle:        1900, I'm still alive :). weeeeeee
cycle:        2000, I'm still alive :). weeeeeee
cycle:        2100, I'm still alive :). weeeeeee
cycle:        2200, I'm still alive :). weeeeeee
cycle:        2300, I'm still alive :). weeeeeee
cycle:        2400, I'm still alive :). weeeeeee
cycle:        2500, I'm still alive :). weeeeeee
cycle:        2600, I'm still alive :). weeeeeee
cycle:        2700, I'm still alive :). weeeeeee
cycle:        2800, I'm still alive :). weeeeeee
cycle:        2900, I'm still alive :). weeeeeee
cycle:        3000, I'm still alive :). weeeeeee
cycle:        3100, I'm still alive :). weeeeeee
cycle:        3200, I'm still alive :). weeeeeee
cycle:        3300, I'm still alive :). weeeeeee
cycle:        3400, I'm still alive :). weeeeeee
cycle:        3500, I'm still alive :). weeeeeee
cycle:        3600, I'm still alive :). weeeeeee
cycle:        3700, I'm still alive :). weeeeeee
cycle:        3800, I'm still alive :). weeeeeee
cycle:        3900, I'm still alive :). weeeeeee
cycle:        4000, I'm still alive :). weeeeeee
cycle:        4100, I'm still alive :). weeeeeee
cycle:        4200, I'm still alive :). weeeeeee
cycle:        4300, I'm still alive :). weeeeeee
cycle:        4400, I'm still alive :). weeeeeee
cycle:        4500, I'm still alive :). weeeeeee
cycle:        4600, I'm still alive :). weeeeeee
cycle:        4700, I'm still alive :). weeeeeee
cycle:        4800, I'm still alive :). weeeeeee
cycle:        4900, I'm still alive :). weeeeeee
cycle:        5000, I'm still alive :). weeeeeee
cycle:        5100, I'm still alive :). weeeeeee
cycle:        5200, I'm still alive :). weeeeeee
cycle:        5300, I'm still alive :). weeeeeee
cycle:        5400, I'm still alive :). weeeeeee
cycle:        5500, I'm still alive :). weeeeeee
cycle:        5600, I'm still alive :). weeeeeee
cycle:        5700, I'm still alive :). weeeeeee
cycle:        5800, I'm still alive :). weeeeeee
cycle:        5900, I'm still alive :). weeeeeee
cycle:        6000, I'm still alive :). weeeeeee
cycle:        6100, I'm still alive :). weeeeeee
cycle:        6200, I'm still alive :). weeeeeee
cycle:        6300, I'm still alive :). weeeeeee
cycle:        6400, I'm still alive :). weeeeeee
cycle:        6500, I'm still alive :). weeeeeee
cycle:        6600, I'm still alive :). weeeeeee
cycle:        6700, I'm still alive :). weeeeeee
cycle:        6800, I'm still alive :). weeeeeee
cycle:        6900, I'm still alive :). weeeeeee
cycle:        7000, I'm still alive :). weeeeeee
cycle:        7100, I'm still alive :). weeeeeee
cycle:        7200, I'm still alive :). weeeeeee
cycle:        7300, I'm still alive :). weeeeeee
cycle:        7400, I'm still alive :). weeeeeee
cycle:        7500, I'm still alive :). weeeeeee
cycle:        7600, I'm still alive :). weeeeeee
cycle:        7700, I'm still alive :). weeeeeee
cycle:        7800, I'm still alive :). weeeeeee
cycle:        7900, I'm still alive :). weeeeeee
cycle:        8000, I'm still alive :). weeeeeee
cycle:        8100, I'm still alive :). weeeeeee
cycle:        8200, I'm still alive :). weeeeeee
cycle:        8300, I'm still alive :). weeeeeee
cycle:        8400, I'm still alive :). weeeeeee
cycle:        8500, I'm still alive :). weeeeeee
cycle:        8600, I'm still alive :). weeeeeee
cycle:        8700, I'm still alive :). weeeeeee
cycle:        8800, I'm still alive :). weeeeeee
cycle:        8900, I'm still alive :). weeeeeee
cycle:        9000, I'm still alive :). weeeeeee
cycle:        9100, I'm still alive :). weeeeeee
cycle:        9200, I'm still alive :). weeeeeee
cycle:        9300, I'm still alive :). weeeeeee
cycle:        9400, I'm still alive :). weeeeeee
cycle:        9500, I'm still alive :). weeeeeee
cycle:        9600, I'm still alive :). weeeeeee
cycle:        9700, I'm still alive :). weeeeeee
cycle:        9800, I'm still alive :). weeeeeee
cycle:        9900, I'm still alive :). weeeeeee
cycle:       10000, I'm still alive :). weeeeeee
cycle:       10100, I'm still alive :). weeeeeee
cycle:       10200, I'm still alive :). weeeeeee
cycle:       10300, I'm still alive :). weeeeeee
cycle:       10400, I'm still alive :). weeeeeee
cycle:       10500, I'm still alive :). weeeeeee
cycle:       10600, I'm still alive :). weeeeeee
cycle:       10700, I'm still alive :). weeeeeee
cycle:       10800, I'm still alive :). weeeeeee
cycle:       10900, I'm still alive :). weeeeeee
cycle:       11000, I'm still alive :). weeeeeee
cycle:       11100, I'm still alive :). weeeeeee
cycle:       11200, I'm still alive :). weeeeeee
cycle:       11300, I'm still alive :). weeeeeee
cycle:       11400, I'm still alive :). weeeeeee
cycle:       11500, I'm still alive :). weeeeeee
cycle:       11600, I'm still alive :). weeeeeee
cycle:       11700, I'm still alive :). weeeeeee
cycle:       11800, I'm still alive :). weeeeeee
cycle:       11900, I'm still alive :). weeeeeee
cycle:       12000, I'm still alive :). weeeeeee
cycle:       12100, I'm still alive :). weeeeeee
cycle:       12200, I'm still alive :). weeeeeee
cycle:       12300, I'm still alive :). weeeeeee
cycle:       12400, I'm still alive :). weeeeeee
cycle:       12500, I'm still alive :). weeeeeee
cycle:       12600, I'm still alive :). weeeeeee
cycle:       12700, I'm still alive :). weeeeeee
cycle:       12800, I'm still alive :). weeeeeee
cycle:       12900, I'm still alive :). weeeeeee
cycle:       13000, I'm still alive :). weeeeeee
cycle:       13100, I'm still alive :). weeeeeee
cycle:       13200, I'm still alive :). weeeeeee
cycle:       13300, I'm still alive :). weeeeeee
cycle:       13400, I'm still alive :). weeeeeee
cycle:       13500, I'm still alive :). weeeeeee
cycle:       13600, I'm still alive :). weeeeeee
cycle:       13700, I'm still alive :). weeeeeee
cycle:       13800, I'm still alive :). weeeeeee
cycle:       13900, I'm still alive :). weeeeeee
cycle:       14000, I'm still alive :). weeeeeee
cycle:       14100, I'm still alive :). weeeeeee
cycle:       14200, I'm still alive :). weeeeeee
cycle:       14300, I'm still alive :). weeeeeee
cycle:       14400, I'm still alive :). weeeeeee
cycle:       14500, I'm still alive :). weeeeeee
cycle:       14600, I'm still alive :). weeeeeee
cycle:       14700, I'm still alive :). weeeeeee
cycle:       14800, I'm still alive :). weeeeeee
cycle:       14900, I'm still alive :). weeeeeee
cycle:       15000, I'm still alive :). weeeeeee
cycle:       15100, I'm still alive :). weeeeeee
cycle:       15200, I'm still alive :). weeeeeee
cycle:       15300, I'm still alive :). weeeeeee
cycle:       15400, I'm still alive :). weeeeeee
cycle:       15500, I'm still alive :). weeeeeee
cycle:       15600, I'm still alive :). weeeeeee
cycle:       15700, I'm still alive :). weeeeeee
cycle:       15800, I'm still alive :). weeeeeee
cycle:       15900, I'm still alive :). weeeeeee
cycle:       16000, I'm still alive :). weeeeeee
cycle:       16100, I'm still alive :). weeeeeee
cycle:       16200, I'm still alive :). weeeeeee
cycle:       16300, I'm still alive :). weeeeeee
cycle:       16400, I'm still alive :). weeeeeee
cycle:       16500, I'm still alive :). weeeeeee
cycle:       16600, I'm still alive :). weeeeeee
cycle:       16700, I'm still alive :). weeeeeee
cycle:       16800, I'm still alive :). weeeeeee
cycle:       16900, I'm still alive :). weeeeeee
cycle:       17000, I'm still alive :). weeeeeee
cycle:       17100, I'm still alive :). weeeeeee
cycle:       17200, I'm still alive :). weeeeeee
cycle:       17300, I'm still alive :). weeeeeee
cycle:       17400, I'm still alive :). weeeeeee
cycle:       17500, I'm still alive :). weeeeeee
cycle:       17600, I'm still alive :). weeeeeee
cycle:       17700, I'm still alive :). weeeeeee
cycle:       17800, I'm still alive :). weeeeeee
cycle:       17900, I'm still alive :). weeeeeee
cycle:       18000, I'm still alive :). weeeeeee
cycle:       18100, I'm still alive :). weeeeeee
cycle:       18200, I'm still alive :). weeeeeee
cycle:       18300, I'm still alive :). weeeeeee
cycle:       18400, I'm still alive :). weeeeeee
cycle:       18500, I'm still alive :). weeeeeee
cycle:       18600, I'm still alive :). weeeeeee
cycle:       18700, I'm still alive :). weeeeeee
cycle:       18800, I'm still alive :). weeeeeee
cycle:       18900, I'm still alive :). weeeeeee
cycle:       19000, I'm still alive :). weeeeeee
cycle:       19100, I'm still alive :). weeeeeee
cycle:       19200, I'm still alive :). weeeeeee
cycle:       19300, I'm still alive :). weeeeeee
cycle:       19400, I'm still alive :). weeeeeee
cycle:       19500, I'm still alive :). weeeeeee
cycle:       19600, I'm still alive :). weeeeeee
cycle:       19700, I'm still alive :). weeeeeee
cycle:       19800, I'm still alive :). weeeeeee
cycle:       19900, I'm still alive :). weeeeeee
cycle:       20000, I'm still alive :). weeeeeee
cycle:       20100, I'm still alive :). weeeeeee
cycle:       20200, I'm still alive :). weeeeeee
cycle:       20300, I'm still alive :). weeeeeee
cycle:       20400, I'm still alive :). weeeeeee
cycle:       20500, I'm still alive :). weeeeeee
cycle:       20600, I'm still alive :). weeeeeee
cycle:       20700, I'm still alive :). weeeeeee
cycle:       20800, I'm still alive :). weeeeeee
cycle:       20900, I'm still alive :). weeeeeee
cycle:       21000, I'm still alive :). weeeeeee
cycle:       21100, I'm still alive :). weeeeeee
cycle:       21200, I'm still alive :). weeeeeee
cycle:       21300, I'm still alive :). weeeeeee
cycle:       21400, I'm still alive :). weeeeeee
cycle:       21500, I'm still alive :). weeeeeee
cycle:       21600, I'm still alive :). weeeeeee
cycle:       21700, I'm still alive :). weeeeeee
cycle:       21800, I'm still alive :). weeeeeee
cycle:       21900, I'm still alive :). weeeeeee
cycle:       22000, I'm still alive :). weeeeeee
cycle:       22100, I'm still alive :). weeeeeee
cycle:       22200, I'm still alive :). weeeeeee
cycle:       22300, I'm still alive :). weeeeeee
cycle:       22400, I'm still alive :). weeeeeee
cycle:       22500, I'm still alive :). weeeeeee
cycle:       22600, I'm still alive :). weeeeeee
cycle:       22700, I'm still alive :). weeeeeee
cycle:       22800, I'm still alive :). weeeeeee
cycle:       22900, I'm still alive :). weeeeeee
cycle:       23000, I'm still alive :). weeeeeee
cycle:       23100, I'm still alive :). weeeeeee
cycle:       23200, I'm still alive :). weeeeeee
cycle:       23300, I'm still alive :). weeeeeee
cycle:       23400, I'm still alive :). weeeeeee
cycle:       23500, I'm still alive :). weeeeeee
cycle:       23600, I'm still alive :). weeeeeee
cycle:       23700, I'm still alive :). weeeeeee
cycle:       23800, I'm still alive :). weeeeeee
cycle:       23900, I'm still alive :). weeeeeee
cycle:       24000, I'm still alive :). weeeeeee
cycle:       24100, I'm still alive :). weeeeeee
cycle:       24200, I'm still alive :). weeeeeee
cycle:       24300, I'm still alive :). weeeeeee
cycle:       24400, I'm still alive :). weeeeeee
cycle:       24500, I'm still alive :). weeeeeee
cycle:       24600, I'm still alive :). weeeeeee
cycle:       24700, I'm still alive :). weeeeeee
cycle:       24800, I'm still alive :). weeeeeee
cycle:       24900, I'm still alive :). weeeeeee
cycle:       25000, I'm still alive :). weeeeeee
cycle:       25100, I'm still alive :). weeeeeee
cycle:       25200, I'm still alive :). weeeeeee
cycle:       25300, I'm still alive :). weeeeeee
cycle:       25400, I'm still alive :). weeeeeee
cycle:       25500, I'm still alive :). weeeeeee
cycle:       25600, I'm still alive :). weeeeeee
cycle:       25700, I'm still alive :). weeeeeee
cycle:       25800, I'm still alive :). weeeeeee
cycle:       25900, I'm still alive :). weeeeeee
cycle:       26000, I'm still alive :). weeeeeee
cycle:       26100, I'm still alive :). weeeeeee
cycle:       26200, I'm still alive :). weeeeeee
cycle:       26300, I'm still alive :). weeeeeee
cycle:       26400, I'm still alive :). weeeeeee
cycle:       26500, I'm still alive :). weeeeeee
cycle:       26600, I'm still alive :). weeeeeee
cycle:       26700, I'm still alive :). weeeeeee
cycle:       26800, I'm still alive :). weeeeeee
cycle:       26900, I'm still alive :). weeeeeee
cycle:       27000, I'm still alive :). weeeeeee
cycle:       27100, I'm still alive :). weeeeeee
cycle:       27200, I'm still alive :). weeeeeee
cycle:       27300, I'm still alive :). weeeeeee
cycle:       27400, I'm still alive :). weeeeeee
cycle:       27500, I'm still alive :). weeeeeee
cycle:       27600, I'm still alive :). weeeeeee
cycle:       27700, I'm still alive :). weeeeeee
cycle:       27800, I'm still alive :). weeeeeee
cycle:       27900, I'm still alive :). weeeeeee
cycle:       28000, I'm still alive :). weeeeeee
cycle:       28100, I'm still alive :). weeeeeee
cycle:       28200, I'm still alive :). weeeeeee
cycle:       28300, I'm still alive :). weeeeeee
cycle:       28400, I'm still alive :). weeeeeee
cycle:       28500, I'm still alive :). weeeeeee
cycle:       28600, I'm still alive :). weeeeeee
cycle:       28700, I'm still alive :). weeeeeee
cycle:       28800, I'm still alive :). weeeeeee
cycle:       28900, I'm still alive :). weeeeeee
cycle:       29000, I'm still alive :). weeeeeee
cycle:       29100, I'm still alive :). weeeeeee
cycle:       29200, I'm still alive :). weeeeeee
cycle:       29300, I'm still alive :). weeeeeee
cycle:       29400, I'm still alive :). weeeeeee
cycle:       29500, I'm still alive :). weeeeeee
cycle:       29600, I'm still alive :). weeeeeee
cycle:       29700, I'm still alive :). weeeeeee
cycle:       29800, I'm still alive :). weeeeeee
cycle:       29900, I'm still alive :). weeeeeee
cycle:       30000, I'm still alive :). weeeeeee
cycle:       30100, I'm still alive :). weeeeeee
cycle:       30200, I'm still alive :). weeeeeee
cycle:       30300, I'm still alive :). weeeeeee
cycle:       30400, I'm still alive :). weeeeeee
cycle:       30500, I'm still alive :). weeeeeee
cycle:       30600, I'm still alive :). weeeeeee
cycle:       30700, I'm still alive :). weeeeeee
cycle:       30800, I'm still alive :). weeeeeee
cycle:       30900, I'm still alive :). weeeeeee
cycle:       31000, I'm still alive :). weeeeeee
cycle:       31100, I'm still alive :). weeeeeee
cycle:       31200, I'm still alive :). weeeeeee
cycle:       31300, I'm still alive :). weeeeeee
cycle:       31400, I'm still alive :). weeeeeee
cycle:       31500, I'm still alive :). weeeeeee
cycle:       31600, I'm still alive :). weeeeeee
cycle:       31700, I'm still alive :). weeeeeee
cycle:       31800, I'm still alive :). weeeeeee
cycle:       31900, I'm still alive :). weeeeeee
cycle:       32000, I'm still alive :). weeeeeee
cycle:       32100, I'm still alive :). weeeeeee
cycle:       32200, I'm still alive :). weeeeeee
cycle:       32300, I'm still alive :). weeeeeee
cycle:       32400, I'm still alive :). weeeeeee
cycle:       32500, I'm still alive :). weeeeeee
cycle:       32600, I'm still alive :). weeeeeee
cycle:       32700, I'm still alive :). weeeeeee
cycle:       32800, I'm still alive :). weeeeeee
cycle:       32900, I'm still alive :). weeeeeee
cycle:       33000, I'm still alive :). weeeeeee
cycle:       33100, I'm still alive :). weeeeeee
cycle:       33200, I'm still alive :). weeeeeee
cycle:       33300, I'm still alive :). weeeeeee
cycle:       33400, I'm still alive :). weeeeeee
cycle:       33500, I'm still alive :). weeeeeee
cycle:       33600, I'm still alive :). weeeeeee
cycle:       33700, I'm still alive :). weeeeeee
cycle:       33800, I'm still alive :). weeeeeee
cycle:       33900, I'm still alive :). weeeeeee
cycle:       34000, I'm still alive :). weeeeeee
cycle:       34100, I'm still alive :). weeeeeee
cycle:       34200, I'm still alive :). weeeeeee
cycle:       34300, I'm still alive :). weeeeeee
cycle:       34400, I'm still alive :). weeeeeee
cycle:       34500, I'm still alive :). weeeeeee
cycle:       34600, I'm still alive :). weeeeeee
cycle:       34700, I'm still alive :). weeeeeee
cycle:       34800, I'm still alive :). weeeeeee
cycle:       34900, I'm still alive :). weeeeeee
cycle:       35000, I'm still alive :). weeeeeee
cycle:       35100, I'm still alive :). weeeeeee
cycle:       35200, I'm still alive :). weeeeeee
cycle:       35300, I'm still alive :). weeeeeee
cycle:       35400, I'm still alive :). weeeeeee
cycle:       35500, I'm still alive :). weeeeeee
cycle:       35600, I'm still alive :). weeeeeee
cycle:       35700, I'm still alive :). weeeeeee
cycle:       35800, I'm still alive :). weeeeeee
cycle:       35900, I'm still alive :). weeeeeee
cycle:       36000, I'm still alive :). weeeeeee
cycle:       36100, I'm still alive :). weeeeeee
cycle:       36200, I'm still alive :). weeeeeee
cycle:       36300, I'm still alive :). weeeeeee
cycle:       36400, I'm still alive :). weeeeeee
cycle:       36500, I'm still alive :). weeeeeee
cycle:       36600, I'm still alive :). weeeeeee
cycle:       36700, I'm still alive :). weeeeeee
cycle:       36800, I'm still alive :). weeeeeee
cycle:       36900, I'm still alive :). weeeeeee
cycle:       37000, I'm still alive :). weeeeeee
cycle:       37100, I'm still alive :). weeeeeee
cycle:       37200, I'm still alive :). weeeeeee
cycle:       37300, I'm still alive :). weeeeeee
cycle:       37400, I'm still alive :). weeeeeee
cycle:       37500, I'm still alive :). weeeeeee
cycle:       37600, I'm still alive :). weeeeeee
cycle:       37700, I'm still alive :). weeeeeee
cycle:       37800, I'm still alive :). weeeeeee
cycle:       37900, I'm still alive :). weeeeeee
cycle:       38000, I'm still alive :). weeeeeee
cycle:       38100, I'm still alive :). weeeeeee
cycle:       38200, I'm still alive :). weeeeeee
cycle:       38300, I'm still alive :). weeeeeee
cycle:       38400, I'm still alive :). weeeeeee
cycle:       38500, I'm still alive :). weeeeeee
cycle:       38600, I'm still alive :). weeeeeee
cycle:       38700, I'm still alive :). weeeeeee
cycle:       38800, I'm still alive :). weeeeeee
cycle:       38900, I'm still alive :). weeeeeee
cycle:       39000, I'm still alive :). weeeeeee
cycle:       39100, I'm still alive :). weeeeeee
cycle:       39200, I'm still alive :). weeeeeee
cycle:       39300, I'm still alive :). weeeeeee
cycle:       39400, I'm still alive :). weeeeeee
cycle:       39500, I'm still alive :). weeeeeee
cycle:       39600, I'm still alive :). weeeeeee
cycle:       39700, I'm still alive :). weeeeeee
cycle:       39800, I'm still alive :). weeeeeee
cycle:       39900, I'm still alive :). weeeeeee
cycle:       40000, I'm still alive :). weeeeeee
cycle:       40100, I'm still alive :). weeeeeee
cycle:       40200, I'm still alive :). weeeeeee
cycle:       40300, I'm still alive :). weeeeeee
cycle:       40400, I'm still alive :). weeeeeee
cycle:       40500, I'm still alive :). weeeeeee
cycle:       40600, I'm still alive :). weeeeeee
cycle:       40700, I'm still alive :). weeeeeee
cycle:       40800, I'm still alive :). weeeeeee
cycle:       40900, I'm still alive :). weeeeeee
cycle:       41000, I'm still alive :). weeeeeee
cycle:       41100, I'm still alive :). weeeeeee
cycle:       41200, I'm still alive :). weeeeeee
cycle:       41300, I'm still alive :). weeeeeee
cycle:       41400, I'm still alive :). weeeeeee
cycle:       41500, I'm still alive :). weeeeeee
cycle:       41600, I'm still alive :). weeeeeee
cycle:       41700, I'm still alive :). weeeeeee
cycle:       41800, I'm still alive :). weeeeeee
cycle:       41900, I'm still alive :). weeeeeee
cycle:       42000, I'm still alive :). weeeeeee
cycle:       42100, I'm still alive :). weeeeeee
cycle:       42200, I'm still alive :). weeeeeee
cycle:       42300, I'm still alive :). weeeeeee
cycle:       42400, I'm still alive :). weeeeeee
cycle:       42500, I'm still alive :). weeeeeee
cycle:       42600, I'm still alive :). weeeeeee
cycle:       42700, I'm still alive :). weeeeeee
cycle:       42800, I'm still alive :). weeeeeee
cycle:       42900, I'm still alive :). weeeeeee
cycle:       43000, I'm still alive :). weeeeeee
cycle:       43100, I'm still alive :). weeeeeee
cycle:       43200, I'm still alive :). weeeeeee
cycle:       43300, I'm still alive :). weeeeeee
cycle:       43400, I'm still alive :). weeeeeee
cycle:       43500, I'm still alive :). weeeeeee
cycle:       43600, I'm still alive :). weeeeeee
cycle:       43700, I'm still alive :). weeeeeee
cycle:       43800, I'm still alive :). weeeeeee
cycle:       43900, I'm still alive :). weeeeeee
cycle:       44000, I'm still alive :). weeeeeee
cycle:       44100, I'm still alive :). weeeeeee
cycle:       44200, I'm still alive :). weeeeeee
cycle:       44300, I'm still alive :). weeeeeee
cycle:       44400, I'm still alive :). weeeeeee
cycle:       44500, I'm still alive :). weeeeeee
cycle:       44600, I'm still alive :). weeeeeee
cycle:       44700, I'm still alive :). weeeeeee
cycle:       44800, I'm still alive :). weeeeeee
cycle:       44900, I'm still alive :). weeeeeee
cycle:       45000, I'm still alive :). weeeeeee
cycle:       45100, I'm still alive :). weeeeeee
cycle:       45200, I'm still alive :). weeeeeee
cycle:       45300, I'm still alive :). weeeeeee
cycle:       45400, I'm still alive :). weeeeeee
cycle:       45500, I'm still alive :). weeeeeee
cycle:       45600, I'm still alive :). weeeeeee
cycle:       45700, I'm still alive :). weeeeeee
cycle:       45800, I'm still alive :). weeeeeee
cycle:       45900, I'm still alive :). weeeeeee
cycle:       46000, I'm still alive :). weeeeeee
cycle:       46100, I'm still alive :). weeeeeee
cycle:       46200, I'm still alive :). weeeeeee
cycle:       46300, I'm still alive :). weeeeeee
cycle:       46400, I'm still alive :). weeeeeee
cycle:       46500, I'm still alive :). weeeeeee
cycle:       46600, I'm still alive :). weeeeeee
cycle:       46700, I'm still alive :). weeeeeee
cycle:       46800, I'm still alive :). weeeeeee
cycle:       46900, I'm still alive :). weeeeeee
cycle:       47000, I'm still alive :). weeeeeee
cycle:       47100, I'm still alive :). weeeeeee
cycle:       47200, I'm still alive :). weeeeeee
cycle:       47300, I'm still alive :). weeeeeee
cycle:       47400, I'm still alive :). weeeeeee
cycle:       47500, I'm still alive :). weeeeeee
cycle:       47600, I'm still alive :). weeeeeee
cycle:       47700, I'm still alive :). weeeeeee
cycle:       47800, I'm still alive :). weeeeeee
cycle:       47900, I'm still alive :). weeeeeee
cycle:       48000, I'm still alive :). weeeeeee
cycle:       48100, I'm still alive :). weeeeeee
cycle:       48200, I'm still alive :). weeeeeee
cycle:       48300, I'm still alive :). weeeeeee
cycle:       48400, I'm still alive :). weeeeeee
cycle:       48500, I'm still alive :). weeeeeee
cycle:       48600, I'm still alive :). weeeeeee
cycle:       48700, I'm still alive :). weeeeeee
cycle:       48800, I'm still alive :). weeeeeee
cycle:       48900, I'm still alive :). weeeeeee
cycle:       49000, I'm still alive :). weeeeeee
cycle:       49100, I'm still alive :). weeeeeee
cycle:       49200, I'm still alive :). weeeeeee
cycle:       49300, I'm still alive :). weeeeeee
cycle:       49400, I'm still alive :). weeeeeee
cycle:       49500, I'm still alive :). weeeeeee
cycle:       49600, I'm still alive :). weeeeeee
cycle:       49700, I'm still alive :). weeeeeee
cycle:       49800, I'm still alive :). weeeeeee
cycle:       49900, I'm still alive :). weeeeeee
cycle:       50000, I'm still alive :). weeeeeee
cycle:       50100, I'm still alive :). weeeeeee
cycle:       50200, I'm still alive :). weeeeeee
cycle:       50300, I'm still alive :). weeeeeee
cycle:       50400, I'm still alive :). weeeeeee
cycle:       50500, I'm still alive :). weeeeeee
cycle:       50600, I'm still alive :). weeeeeee
cycle:       50700, I'm still alive :). weeeeeee
cycle:       50800, I'm still alive :). weeeeeee
cycle:       50900, I'm still alive :). weeeeeee
cycle:       51000, I'm still alive :). weeeeeee
cycle:       51100, I'm still alive :). weeeeeee
cycle:       51200, I'm still alive :). weeeeeee
cycle:       51300, I'm still alive :). weeeeeee
cycle:       51400, I'm still alive :). weeeeeee
cycle:       51500, I'm still alive :). weeeeeee
cycle:       51600, I'm still alive :). weeeeeee
cycle:       51700, I'm still alive :). weeeeeee
cycle:       51800, I'm still alive :). weeeeeee
cycle:       51900, I'm still alive :). weeeeeee
cycle:       52000, I'm still alive :). weeeeeee
cycle:       52100, I'm still alive :). weeeeeee
cycle:       52200, I'm still alive :). weeeeeee
cycle:       52300, I'm still alive :). weeeeeee
cycle:       52400, I'm still alive :). weeeeeee
cycle:       52500, I'm still alive :). weeeeeee
cycle:       52600, I'm still alive :). weeeeeee
cycle:       52700, I'm still alive :). weeeeeee
cycle:       52800, I'm still alive :). weeeeeee
cycle:       52900, I'm still alive :). weeeeeee
cycle:       53000, I'm still alive :). weeeeeee
cycle:       53100, I'm still alive :). weeeeeee
cycle:       53200, I'm still alive :). weeeeeee
cycle:       53300, I'm still alive :). weeeeeee
cycle:       53400, I'm still alive :). weeeeeee
cycle:       53500, I'm still alive :). weeeeeee
cycle:       53600, I'm still alive :). weeeeeee
cycle:       53700, I'm still alive :). weeeeeee
cycle:       53800, I'm still alive :). weeeeeee
cycle:       53900, I'm still alive :). weeeeeee
cycle:       54000, I'm still alive :). weeeeeee
cycle:       54100, I'm still alive :). weeeeeee
cycle:       54200, I'm still alive :). weeeeeee
cycle:       54300, I'm still alive :). weeeeeee
cycle:       54400, I'm still alive :). weeeeeee
cycle:       54500, I'm still alive :). weeeeeee
cycle:       54600, I'm still alive :). weeeeeee
cycle:       54700, I'm still alive :). weeeeeee
cycle:       54800, I'm still alive :). weeeeeee
cycle:       54900, I'm still alive :). weeeeeee
cycle:       55000, I'm still alive :). weeeeeee
cycle:       55100, I'm still alive :). weeeeeee
cycle:       55200, I'm still alive :). weeeeeee
cycle:       55300, I'm still alive :). weeeeeee
cycle:       55400, I'm still alive :). weeeeeee
cycle:       55500, I'm still alive :). weeeeeee
cycle:       55600, I'm still alive :). weeeeeee
cycle:       55700, I'm still alive :). weeeeeee
cycle:       55800, I'm still alive :). weeeeeee
cycle:       55900, I'm still alive :). weeeeeee
cycle:       56000, I'm still alive :). weeeeeee
cycle:       56100, I'm still alive :). weeeeeee
cycle:       56200, I'm still alive :). weeeeeee
cycle:       56300, I'm still alive :). weeeeeee
cycle:       56400, I'm still alive :). weeeeeee
cycle:       56500, I'm still alive :). weeeeeee
cycle:       56600, I'm still alive :). weeeeeee
cycle:       56700, I'm still alive :). weeeeeee
cycle:       56800, I'm still alive :). weeeeeee
cycle:       56900, I'm still alive :). weeeeeee
cycle:       57000, I'm still alive :). weeeeeee
cycle:       57100, I'm still alive :). weeeeeee
cycle:       57200, I'm still alive :). weeeeeee
cycle:       57300, I'm still alive :). weeeeeee
cycle:       57400, I'm still alive :). weeeeeee
cycle:       57500, I'm still alive :). weeeeeee
cycle:       57600, I'm still alive :). weeeeeee
cycle:       57700, I'm still alive :). weeeeeee
cycle:       57800, I'm still alive :). weeeeeee
cycle:       57900, I'm still alive :). weeeeeee
cycle:       58000, I'm still alive :). weeeeeee
cycle:       58100, I'm still alive :). weeeeeee
cycle:       58200, I'm still alive :). weeeeeee
cycle:       58300, I'm still alive :). weeeeeee
cycle:       58400, I'm still alive :). weeeeeee
cycle:       58500, I'm still alive :). weeeeeee
cycle:       58600, I'm still alive :). weeeeeee
cycle:       58700, I'm still alive :). weeeeeee
cycle:       58800, I'm still alive :). weeeeeee
cycle:       58900, I'm still alive :). weeeeeee
cycle:       59000, I'm still alive :). weeeeeee
cycle:       59100, I'm still alive :). weeeeeee
cycle:       59200, I'm still alive :). weeeeeee
cycle:       59300, I'm still alive :). weeeeeee
cycle:       59400, I'm still alive :). weeeeeee
cycle:       59500, I'm still alive :). weeeeeee
cycle:       59600, I'm still alive :). weeeeeee
cycle:       59700, I'm still alive :). weeeeeee
cycle:       59800, I'm still alive :). weeeeeee
cycle:       59900, I'm still alive :). weeeeeee
cycle:       60000, I'm still alive :). weeeeeee
cycle:       60100, I'm still alive :). weeeeeee
cycle:       60200, I'm still alive :). weeeeeee
cycle:       60300, I'm still alive :). weeeeeee
cycle:       60400, I'm still alive :). weeeeeee
cycle:       60500, I'm still alive :). weeeeeee
cycle:       60600, I'm still alive :). weeeeeee
cycle:       60700, I'm still alive :). weeeeeee
cycle:       60800, I'm still alive :). weeeeeee
cycle:       60900, I'm still alive :). weeeeeee
cycle:       61000, I'm still alive :). weeeeeee
cycle:       61100, I'm still alive :). weeeeeee
cycle:       61200, I'm still alive :). weeeeeee
cycle:       61300, I'm still alive :). weeeeeee
cycle:       61400, I'm still alive :). weeeeeee
cycle:       61500, I'm still alive :). weeeeeee
cycle:       61600, I'm still alive :). weeeeeee
cycle:       61700, I'm still alive :). weeeeeee
cycle:       61800, I'm still alive :). weeeeeee
cycle:       61900, I'm still alive :). weeeeeee
cycle:       62000, I'm still alive :). weeeeeee
cycle:       62100, I'm still alive :). weeeeeee
cycle:       62200, I'm still alive :). weeeeeee
cycle:       62300, I'm still alive :). weeeeeee
cycle:       62400, I'm still alive :). weeeeeee
cycle:       62500, I'm still alive :). weeeeeee
cycle:       62600, I'm still alive :). weeeeeee
cycle:       62700, I'm still alive :). weeeeeee
cycle:       62800, I'm still alive :). weeeeeee
cycle:       62900, I'm still alive :). weeeeeee
cycle:       63000, I'm still alive :). weeeeeee
cycle:       63100, I'm still alive :). weeeeeee
cycle:       63200, I'm still alive :). weeeeeee
cycle:       63300, I'm still alive :). weeeeeee
cycle:       63400, I'm still alive :). weeeeeee
cycle:       63500, I'm still alive :). weeeeeee
cycle:       63600, I'm still alive :). weeeeeee
cycle:       63700, I'm still alive :). weeeeeee
cycle:       63800, I'm still alive :). weeeeeee
cycle:       63900, I'm still alive :). weeeeeee
cycle:       64000, I'm still alive :). weeeeeee
cycle:       64100, I'm still alive :). weeeeeee
cycle:       64200, I'm still alive :). weeeeeee
cycle:       64300, I'm still alive :). weeeeeee
cycle:       64400, I'm still alive :). weeeeeee
cycle:       64500, I'm still alive :). weeeeeee
cycle:       64600, I'm still alive :). weeeeeee
cycle:       64700, I'm still alive :). weeeeeee
cycle:       64800, I'm still alive :). weeeeeee
cycle:       64900, I'm still alive :). weeeeeee
cycle:       65000, I'm still alive :). weeeeeee
cycle:       65100, I'm still alive :). weeeeeee
cycle:       65200, I'm still alive :). weeeeeee
cycle:       65300, I'm still alive :). weeeeeee
cycle:       65400, I'm still alive :). weeeeeee
cycle:       65500, I'm still alive :). weeeeeee
cycle:       65600, I'm still alive :). weeeeeee
cycle:       65700, I'm still alive :). weeeeeee
cycle:       65800, I'm still alive :). weeeeeee
cycle:       65900, I'm still alive :). weeeeeee
cycle:       66000, I'm still alive :). weeeeeee
cycle:       66100, I'm still alive :). weeeeeee
cycle:       66200, I'm still alive :). weeeeeee
cycle:       66300, I'm still alive :). weeeeeee
cycle:       66400, I'm still alive :). weeeeeee
cycle:       66500, I'm still alive :). weeeeeee
cycle:       66600, I'm still alive :). weeeeeee
cycle:       66700, I'm still alive :). weeeeeee
cycle:       66800, I'm still alive :). weeeeeee
cycle:       66900, I'm still alive :). weeeeeee
cycle:       67000, I'm still alive :). weeeeeee
cycle:       67100, I'm still alive :). weeeeeee
cycle:       67200, I'm still alive :). weeeeeee
cycle:       67300, I'm still alive :). weeeeeee
cycle:       67400, I'm still alive :). weeeeeee
cycle:       67500, I'm still alive :). weeeeeee
cycle:       67600, I'm still alive :). weeeeeee
cycle:       67700, I'm still alive :). weeeeeee
cycle:       67800, I'm still alive :). weeeeeee
cycle:       67900, I'm still alive :). weeeeeee
cycle:       68000, I'm still alive :). weeeeeee
cycle:       68100, I'm still alive :). weeeeeee
cycle:       68200, I'm still alive :). weeeeeee
cycle:       68300, I'm still alive :). weeeeeee
cycle:       68400, I'm still alive :). weeeeeee
cycle:       68500, I'm still alive :). weeeeeee
cycle:       68600, I'm still alive :). weeeeeee
cycle:       68700, I'm still alive :). weeeeeee
cycle:       68800, I'm still alive :). weeeeeee
cycle:       68900, I'm still alive :). weeeeeee
cycle:       69000, I'm still alive :). weeeeeee
cycle:       69100, I'm still alive :). weeeeeee
cycle:       69200, I'm still alive :). weeeeeee
cycle:       69300, I'm still alive :). weeeeeee
cycle:       69400, I'm still alive :). weeeeeee
cycle:       69500, I'm still alive :). weeeeeee
cycle:       69600, I'm still alive :). weeeeeee
cycle:       69700, I'm still alive :). weeeeeee
cycle:       69800, I'm still alive :). weeeeeee
cycle:       69900, I'm still alive :). weeeeeee
cycle:       70000, I'm still alive :). weeeeeee
cycle:       70100, I'm still alive :). weeeeeee
cycle:       70200, I'm still alive :). weeeeeee
cycle:       70300, I'm still alive :). weeeeeee
cycle:       70400, I'm still alive :). weeeeeee
cycle:       70500, I'm still alive :). weeeeeee
cycle:       70600, I'm still alive :). weeeeeee
cycle:       70700, I'm still alive :). weeeeeee
cycle:       70800, I'm still alive :). weeeeeee
cycle:       70900, I'm still alive :). weeeeeee
cycle:       71000, I'm still alive :). weeeeeee
cycle:       71100, I'm still alive :). weeeeeee
cycle:       71200, I'm still alive :). weeeeeee
cycle:       71300, I'm still alive :). weeeeeee
cycle:       71400, I'm still alive :). weeeeeee
cycle:       71500, I'm still alive :). weeeeeee
cycle:       71600, I'm still alive :). weeeeeee
cycle:       71700, I'm still alive :). weeeeeee
cycle:       71800, I'm still alive :). weeeeeee
cycle:       71900, I'm still alive :). weeeeeee
cycle:       72000, I'm still alive :). weeeeeee
cycle:       72100, I'm still alive :). weeeeeee
cycle:       72200, I'm still alive :). weeeeeee
cycle:       72300, I'm still alive :). weeeeeee
cycle:       72400, I'm still alive :). weeeeeee
cycle:       72500, I'm still alive :). weeeeeee
cycle:       72600, I'm still alive :). weeeeeee
cycle:       72700, I'm still alive :). weeeeeee
cycle:       72800, I'm still alive :). weeeeeee
cycle:       72900, I'm still alive :). weeeeeee
cycle:       73000, I'm still alive :). weeeeeee
cycle:       73100, I'm still alive :). weeeeeee
cycle:       73200, I'm still alive :). weeeeeee
cycle:       73300, I'm still alive :). weeeeeee
cycle:       73400, I'm still alive :). weeeeeee
cycle:       73500, I'm still alive :). weeeeeee
cycle:       73600, I'm still alive :). weeeeeee
cycle:       73700, I'm still alive :). weeeeeee
cycle:       73800, I'm still alive :). weeeeeee
cycle:       73900, I'm still alive :). weeeeeee
cycle:       74000, I'm still alive :). weeeeeee
cycle:       74100, I'm still alive :). weeeeeee
cycle:       74200, I'm still alive :). weeeeeee
cycle:       74300, I'm still alive :). weeeeeee
cycle:       74400, I'm still alive :). weeeeeee
cycle:       74500, I'm still alive :). weeeeeee
cycle:       74600, I'm still alive :). weeeeeee
cycle:       74700, I'm still alive :). weeeeeee
cycle:       74800, I'm still alive :). weeeeeee
cycle:       74900, I'm still alive :). weeeeeee
cycle:       75000, I'm still alive :). weeeeeee
cycle:       75100, I'm still alive :). weeeeeee
cycle:       75200, I'm still alive :). weeeeeee
cycle:       75300, I'm still alive :). weeeeeee
cycle:       75400, I'm still alive :). weeeeeee
cycle:       75500, I'm still alive :). weeeeeee
cycle:       75600, I'm still alive :). weeeeeee
cycle:       75700, I'm still alive :). weeeeeee
cycle:       75800, I'm still alive :). weeeeeee
cycle:       75900, I'm still alive :). weeeeeee
cycle:       76000, I'm still alive :). weeeeeee
cycle:       76100, I'm still alive :). weeeeeee
cycle:       76200, I'm still alive :). weeeeeee
cycle:       76300, I'm still alive :). weeeeeee
cycle:       76400, I'm still alive :). weeeeeee
cycle:       76500, I'm still alive :). weeeeeee
cycle:       76600, I'm still alive :). weeeeeee
cycle:       76700, I'm still alive :). weeeeeee
cycle:       76800, I'm still alive :). weeeeeee
cycle:       76900, I'm still alive :). weeeeeee
cycle:       77000, I'm still alive :). weeeeeee
cycle:       77100, I'm still alive :). weeeeeee
cycle:       77200, I'm still alive :). weeeeeee
cycle:       77300, I'm still alive :). weeeeeee
cycle:       77400, I'm still alive :). weeeeeee
cycle:       77500, I'm still alive :). weeeeeee
cycle:       77600, I'm still alive :). weeeeeee
cycle:       77700, I'm still alive :). weeeeeee
cycle:       77800, I'm still alive :). weeeeeee
cycle:       77900, I'm still alive :). weeeeeee
cycle:       78000, I'm still alive :). weeeeeee
cycle:       78100, I'm still alive :). weeeeeee
cycle:       78200, I'm still alive :). weeeeeee
cycle:       78300, I'm still alive :). weeeeeee
cycle:       78400, I'm still alive :). weeeeeee
cycle:       78500, I'm still alive :). weeeeeee
cycle:       78600, I'm still alive :). weeeeeee
cycle:       78700, I'm still alive :). weeeeeee
cycle:       78800, I'm still alive :). weeeeeee
cycle:       78900, I'm still alive :). weeeeeee
cycle:       79000, I'm still alive :). weeeeeee
cycle:       79100, I'm still alive :). weeeeeee
cycle:       79200, I'm still alive :). weeeeeee
cycle:       79300, I'm still alive :). weeeeeee
cycle:       79400, I'm still alive :). weeeeeee
cycle:       79500, I'm still alive :). weeeeeee
cycle:       79600, I'm still alive :). weeeeeee
cycle:       79700, I'm still alive :). weeeeeee
cycle:       79800, I'm still alive :). weeeeeee
cycle:       79900, I'm still alive :). weeeeeee
cycle:       80000, I'm still alive :). weeeeeee
cycle:       80100, I'm still alive :). weeeeeee
cycle:       80200, I'm still alive :). weeeeeee
cycle:       80300, I'm still alive :). weeeeeee
cycle:       80400, I'm still alive :). weeeeeee
cycle:       80500, I'm still alive :). weeeeeee
cycle:       80600, I'm still alive :). weeeeeee
cycle:       80700, I'm still alive :). weeeeeee
cycle:       80800, I'm still alive :). weeeeeee
cycle:       80900, I'm still alive :). weeeeeee
cycle:       81000, I'm still alive :). weeeeeee
cycle:       81100, I'm still alive :). weeeeeee
cycle:       81200, I'm still alive :). weeeeeee
cycle:       81300, I'm still alive :). weeeeeee
cycle:       81400, I'm still alive :). weeeeeee
cycle:       81500, I'm still alive :). weeeeeee
cycle:       81600, I'm still alive :). weeeeeee
cycle:       81700, I'm still alive :). weeeeeee
cycle:       81800, I'm still alive :). weeeeeee
cycle:       81900, I'm still alive :). weeeeeee
cycle:       82000, I'm still alive :). weeeeeee
cycle:       82100, I'm still alive :). weeeeeee
cycle:       82200, I'm still alive :). weeeeeee
cycle:       82300, I'm still alive :). weeeeeee
cycle:       82400, I'm still alive :). weeeeeee
cycle:       82500, I'm still alive :). weeeeeee
cycle:       82600, I'm still alive :). weeeeeee
cycle:       82700, I'm still alive :). weeeeeee
cycle:       82800, I'm still alive :). weeeeeee
cycle:       82900, I'm still alive :). weeeeeee
cycle:       83000, I'm still alive :). weeeeeee
cycle:       83100, I'm still alive :). weeeeeee
cycle:       83200, I'm still alive :). weeeeeee
cycle:       83300, I'm still alive :). weeeeeee
cycle:       83400, I'm still alive :). weeeeeee
cycle:       83500, I'm still alive :). weeeeeee
cycle:       83600, I'm still alive :). weeeeeee
cycle:       83700, I'm still alive :). weeeeeee
cycle:       83800, I'm still alive :). weeeeeee
cycle:       83900, I'm still alive :). weeeeeee
cycle:       84000, I'm still alive :). weeeeeee
cycle:       84100, I'm still alive :). weeeeeee
cycle:       84200, I'm still alive :). weeeeeee
cycle:       84300, I'm still alive :). weeeeeee
cycle:       84400, I'm still alive :). weeeeeee
cycle:       84500, I'm still alive :). weeeeeee
cycle:       84600, I'm still alive :). weeeeeee
cycle:       84700, I'm still alive :). weeeeeee
cycle:       84800, I'm still alive :). weeeeeee
cycle:       84900, I'm still alive :). weeeeeee
cycle:       85000, I'm still alive :). weeeeeee
cycle:       85100, I'm still alive :). weeeeeee
cycle:       85200, I'm still alive :). weeeeeee
cycle:       85300, I'm still alive :). weeeeeee
cycle:       85400, I'm still alive :). weeeeeee
cycle:       85500, I'm still alive :). weeeeeee
cycle:       85600, I'm still alive :). weeeeeee
cycle:       85700, I'm still alive :). weeeeeee
cycle:       85800, I'm still alive :). weeeeeee
cycle:       85900, I'm still alive :). weeeeeee
cycle:       86000, I'm still alive :). weeeeeee
cycle:       86100, I'm still alive :). weeeeeee
cycle:       86200, I'm still alive :). weeeeeee
cycle:       86300, I'm still alive :). weeeeeee
cycle:       86400, I'm still alive :). weeeeeee
cycle:       86500, I'm still alive :). weeeeeee
cycle:       86600, I'm still alive :). weeeeeee
cycle:       86700, I'm still alive :). weeeeeee
cycle:       86800, I'm still alive :). weeeeeee
cycle:       86900, I'm still alive :). weeeeeee
cycle:       87000, I'm still alive :). weeeeeee
cycle:       87100, I'm still alive :). weeeeeee
cycle:       87200, I'm still alive :). weeeeeee
cycle:       87300, I'm still alive :). weeeeeee
cycle:       87400, I'm still alive :). weeeeeee
cycle:       87500, I'm still alive :). weeeeeee
cycle:       87600, I'm still alive :). weeeeeee
cycle:       87700, I'm still alive :). weeeeeee
cycle:       87800, I'm still alive :). weeeeeee
cycle:       87900, I'm still alive :). weeeeeee
cycle:       88000, I'm still alive :). weeeeeee
cycle:       88100, I'm still alive :). weeeeeee
cycle:       88200, I'm still alive :). weeeeeee
cycle:       88300, I'm still alive :). weeeeeee
cycle:       88400, I'm still alive :). weeeeeee
cycle:       88500, I'm still alive :). weeeeeee
cycle:       88600, I'm still alive :). weeeeeee
cycle:       88700, I'm still alive :). weeeeeee
cycle:       88800, I'm still alive :). weeeeeee
cycle:       88900, I'm still alive :). weeeeeee
cycle:       89000, I'm still alive :). weeeeeee
cycle:       89100, I'm still alive :). weeeeeee
cycle:       89200, I'm still alive :). weeeeeee
cycle:       89300, I'm still alive :). weeeeeee
cycle:       89400, I'm still alive :). weeeeeee
cycle:       89500, I'm still alive :). weeeeeee
cycle:       89600, I'm still alive :). weeeeeee
cycle:       89700, I'm still alive :). weeeeeee
cycle:       89800, I'm still alive :). weeeeeee
cycle:       89900, I'm still alive :). weeeeeee
cycle:       90000, I'm still alive :). weeeeeee
cycle:       90100, I'm still alive :). weeeeeee
cycle:       90200, I'm still alive :). weeeeeee
cycle:       90300, I'm still alive :). weeeeeee
cycle:       90400, I'm still alive :). weeeeeee
cycle:       90500, I'm still alive :). weeeeeee
cycle:       90600, I'm still alive :). weeeeeee
cycle:       90700, I'm still alive :). weeeeeee
cycle:       90800, I'm still alive :). weeeeeee
cycle:       90900, I'm still alive :). weeeeeee
cycle:       91000, I'm still alive :). weeeeeee
cycle:       91100, I'm still alive :). weeeeeee
cycle:       91200, I'm still alive :). weeeeeee
cycle:       91300, I'm still alive :). weeeeeee
cycle:       91400, I'm still alive :). weeeeeee
cycle:       91500, I'm still alive :). weeeeeee
cycle:       91600, I'm still alive :). weeeeeee
cycle:       91700, I'm still alive :). weeeeeee
cycle:       91800, I'm still alive :). weeeeeee
cycle:       91900, I'm still alive :). weeeeeee
cycle:       92000, I'm still alive :). weeeeeee
cycle:       92100, I'm still alive :). weeeeeee
cycle:       92200, I'm still alive :). weeeeeee
cycle:       92300, I'm still alive :). weeeeeee
cycle:       92400, I'm still alive :). weeeeeee
cycle:       92500, I'm still alive :). weeeeeee
cycle:       92600, I'm still alive :). weeeeeee
cycle:       92700, I'm still alive :). weeeeeee
cycle:       92800, I'm still alive :). weeeeeee
cycle:       92900, I'm still alive :). weeeeeee
cycle:       93000, I'm still alive :). weeeeeee
cycle:       93100, I'm still alive :). weeeeeee
cycle:       93200, I'm still alive :). weeeeeee
cycle:       93300, I'm still alive :). weeeeeee
cycle:       93400, I'm still alive :). weeeeeee
cycle:       93500, I'm still alive :). weeeeeee
cycle:       93600, I'm still alive :). weeeeeee
cycle:       93700, I'm still alive :). weeeeeee
cycle:       93800, I'm still alive :). weeeeeee
cycle:       93900, I'm still alive :). weeeeeee
cycle:       94000, I'm still alive :). weeeeeee
cycle:       94100, I'm still alive :). weeeeeee
cycle:       94200, I'm still alive :). weeeeeee
cycle:       94300, I'm still alive :). weeeeeee
cycle:       94400, I'm still alive :). weeeeeee
cycle:       94500, I'm still alive :). weeeeeee
cycle:       94600, I'm still alive :). weeeeeee
cycle:       94700, I'm still alive :). weeeeeee
cycle:       94800, I'm still alive :). weeeeeee
cycle:       94900, I'm still alive :). weeeeeee
cycle:       95000, I'm still alive :). weeeeeee
cycle:       95100, I'm still alive :). weeeeeee
cycle:       95200, I'm still alive :). weeeeeee
cycle:       95300, I'm still alive :). weeeeeee
cycle:       95400, I'm still alive :). weeeeeee
cycle:       95500, I'm still alive :). weeeeeee
cycle:       95600, I'm still alive :). weeeeeee
cycle:       95700, I'm still alive :). weeeeeee
cycle:       95800, I'm still alive :). weeeeeee
cycle:       95900, I'm still alive :). weeeeeee
cycle:       96000, I'm still alive :). weeeeeee
cycle:       96100, I'm still alive :). weeeeeee
cycle:       96200, I'm still alive :). weeeeeee
cycle:       96300, I'm still alive :). weeeeeee
cycle:       96400, I'm still alive :). weeeeeee
cycle:       96500, I'm still alive :). weeeeeee
cycle:       96600, I'm still alive :). weeeeeee
cycle:       96700, I'm still alive :). weeeeeee
cycle:       96800, I'm still alive :). weeeeeee
cycle:       96900, I'm still alive :). weeeeeee
cycle:       97000, I'm still alive :). weeeeeee
cycle:       97100, I'm still alive :). weeeeeee
cycle:       97200, I'm still alive :). weeeeeee
cycle:       97300, I'm still alive :). weeeeeee
cycle:       97400, I'm still alive :). weeeeeee
cycle:       97500, I'm still alive :). weeeeeee
cycle:       97600, I'm still alive :). weeeeeee
cycle:       97700, I'm still alive :). weeeeeee
cycle:       97800, I'm still alive :). weeeeeee
cycle:       97900, I'm still alive :). weeeeeee
cycle:       98000, I'm still alive :). weeeeeee
cycle:       98100, I'm still alive :). weeeeeee
cycle:       98200, I'm still alive :). weeeeeee
cycle:       98300, I'm still alive :). weeeeeee
cycle:       98400, I'm still alive :). weeeeeee
cycle:       98500, I'm still alive :). weeeeeee
cycle:       98600, I'm still alive :). weeeeeee
cycle:       98700, I'm still alive :). weeeeeee
cycle:       98800, I'm still alive :). weeeeeee
cycle:       98900, I'm still alive :). weeeeeee
cycle:       99000, I'm still alive :). weeeeeee
cycle:       99100, I'm still alive :). weeeeeee
cycle:       99200, I'm still alive :). weeeeeee
cycle:       99300, I'm still alive :). weeeeeee
cycle:       99400, I'm still alive :). weeeeeee
cycle:       99500, I'm still alive :). weeeeeee
cycle:       99600, I'm still alive :). weeeeeee
cycle:       99700, I'm still alive :). weeeeeee
cycle:       99800, I'm still alive :). weeeeeee
cycle:       99900, I'm still alive :). weeeeeee
cycle:      100000, I'm still alive :). weeeeeee
cycle:      100100, I'm still alive :). weeeeeee
cycle:      100200, I'm still alive :). weeeeeee
cycle:      100300, I'm still alive :). weeeeeee
cycle:      100400, I'm still alive :). weeeeeee
cycle:      100500, I'm still alive :). weeeeeee
cycle:      100600, I'm still alive :). weeeeeee
cycle:      100700, I'm still alive :). weeeeeee
cycle:      100800, I'm still alive :). weeeeeee
cycle:      100900, I'm still alive :). weeeeeee
cycle:      101000, I'm still alive :). weeeeeee
cycle:      101100, I'm still alive :). weeeeeee
cycle:      101200, I'm still alive :). weeeeeee
cycle:      101300, I'm still alive :). weeeeeee
cycle:      101400, I'm still alive :). weeeeeee
cycle:      101500, I'm still alive :). weeeeeee
cycle:      101600, I'm still alive :). weeeeeee
cycle:      101700, I'm still alive :). weeeeeee
cycle:      101800, I'm still alive :). weeeeeee
cycle:      101900, I'm still alive :). weeeeeee
cycle:      102000, I'm still alive :). weeeeeee
cycle:      102100, I'm still alive :). weeeeeee
cycle:      102200, I'm still alive :). weeeeeee
cycle:      102300, I'm still alive :). weeeeeee
cycle:      102400, I'm still alive :). weeeeeee
cycle:      102500, I'm still alive :). weeeeeee
cycle:      102600, I'm still alive :). weeeeeee
cycle:      102700, I'm still alive :). weeeeeee
cycle:      102800, I'm still alive :). weeeeeee
cycle:      102900, I'm still alive :). weeeeeee
cycle:      103000, I'm still alive :). weeeeeee
cycle:      103100, I'm still alive :). weeeeeee
cycle:      103200, I'm still alive :). weeeeeee
cycle:      103300, I'm still alive :). weeeeeee
cycle:      103400, I'm still alive :). weeeeeee
cycle:      103500, I'm still alive :). weeeeeee
cycle:      103600, I'm still alive :). weeeeeee
cycle:      103700, I'm still alive :). weeeeeee
cycle:      103800, I'm still alive :). weeeeeee
cycle:      103900, I'm still alive :). weeeeeee
cycle:      104000, I'm still alive :). weeeeeee
cycle:      104100, I'm still alive :). weeeeeee
cycle:      104200, I'm still alive :). weeeeeee
cycle:      104300, I'm still alive :). weeeeeee
cycle:      104400, I'm still alive :). weeeeeee
cycle:      104500, I'm still alive :). weeeeeee
cycle:      104600, I'm still alive :). weeeeeee
cycle:      104700, I'm still alive :). weeeeeee
cycle:      104800, I'm still alive :). weeeeeee
cycle:      104900, I'm still alive :). weeeeeee
cycle:      105000, I'm still alive :). weeeeeee
cycle:      105100, I'm still alive :). weeeeeee
cycle:      105200, I'm still alive :). weeeeeee
cycle:      105300, I'm still alive :). weeeeeee
cycle:      105400, I'm still alive :). weeeeeee
cycle:      105500, I'm still alive :). weeeeeee
cycle:      105600, I'm still alive :). weeeeeee
cycle:      105700, I'm still alive :). weeeeeee
cycle:      105800, I'm still alive :). weeeeeee
cycle:      105900, I'm still alive :). weeeeeee
cycle:      106000, I'm still alive :). weeeeeee
cycle:      106100, I'm still alive :). weeeeeee
cycle:      106200, I'm still alive :). weeeeeee
cycle:      106300, I'm still alive :). weeeeeee
cycle:      106400, I'm still alive :). weeeeeee
cycle:      106500, I'm still alive :). weeeeeee
cycle:      106600, I'm still alive :). weeeeeee
cycle:      106700, I'm still alive :). weeeeeee
cycle:      106800, I'm still alive :). weeeeeee
cycle:      106900, I'm still alive :). weeeeeee
cycle:      107000, I'm still alive :). weeeeeee
cycle:      107100, I'm still alive :). weeeeeee
cycle:      107200, I'm still alive :). weeeeeee
cycle:      107300, I'm still alive :). weeeeeee
cycle:      107400, I'm still alive :). weeeeeee
cycle:      107500, I'm still alive :). weeeeeee
cycle:      107600, I'm still alive :). weeeeeee
cycle:      107700, I'm still alive :). weeeeeee
cycle:      107800, I'm still alive :). weeeeeee
cycle:      107900, I'm still alive :). weeeeeee
cycle:      108000, I'm still alive :). weeeeeee
cycle:      108100, I'm still alive :). weeeeeee
cycle:      108200, I'm still alive :). weeeeeee
cycle:      108300, I'm still alive :). weeeeeee
cycle:      108400, I'm still alive :). weeeeeee
cycle:      108500, I'm still alive :). weeeeeee
cycle:      108600, I'm still alive :). weeeeeee
cycle:      108700, I'm still alive :). weeeeeee
cycle:      108800, I'm still alive :). weeeeeee
cycle:      108900, I'm still alive :). weeeeeee
cycle:      109000, I'm still alive :). weeeeeee
cycle:      109100, I'm still alive :). weeeeeee
cycle:      109200, I'm still alive :). weeeeeee
cycle:      109300, I'm still alive :). weeeeeee
cycle:      109400, I'm still alive :). weeeeeee
cycle:      109500, I'm still alive :). weeeeeee
cycle:      109600, I'm still alive :). weeeeeee
cycle:      109700, I'm still alive :). weeeeeee
cycle:      109800, I'm still alive :). weeeeeee
cycle:      109900, I'm still alive :). weeeeeee
cycle:      110000, I'm still alive :). weeeeeee
cycle:      110100, I'm still alive :). weeeeeee
cycle:      110200, I'm still alive :). weeeeeee
cycle:      110300, I'm still alive :). weeeeeee
cycle:      110400, I'm still alive :). weeeeeee
cycle:      110500, I'm still alive :). weeeeeee
cycle:      110600, I'm still alive :). weeeeeee
cycle:      110700, I'm still alive :). weeeeeee
cycle:      110800, I'm still alive :). weeeeeee
cycle:      110900, I'm still alive :). weeeeeee
cycle:      111000, I'm still alive :). weeeeeee
cycle:      111100, I'm still alive :). weeeeeee
cycle:      111200, I'm still alive :). weeeeeee
cycle:      111300, I'm still alive :). weeeeeee
cycle:      111400, I'm still alive :). weeeeeee
cycle:      111500, I'm still alive :). weeeeeee
cycle:      111600, I'm still alive :). weeeeeee
cycle:      111700, I'm still alive :). weeeeeee
cycle:      111800, I'm still alive :). weeeeeee
cycle:      111900, I'm still alive :). weeeeeee
cycle:      112000, I'm still alive :). weeeeeee
cycle:      112100, I'm still alive :). weeeeeee
cycle:      112200, I'm still alive :). weeeeeee
cycle:      112300, I'm still alive :). weeeeeee
cycle:      112400, I'm still alive :). weeeeeee
cycle:      112500, I'm still alive :). weeeeeee
cycle:      112600, I'm still alive :). weeeeeee
cycle:      112700, I'm still alive :). weeeeeee
cycle:      112800, I'm still alive :). weeeeeee
cycle:      112900, I'm still alive :). weeeeeee
cycle:      113000, I'm still alive :). weeeeeee
cycle:      113100, I'm still alive :). weeeeeee
cycle:      113200, I'm still alive :). weeeeeee
cycle:      113300, I'm still alive :). weeeeeee
cycle:      113400, I'm still alive :). weeeeeee
cycle:      113500, I'm still alive :). weeeeeee
cycle:      113600, I'm still alive :). weeeeeee
cycle:      113700, I'm still alive :). weeeeeee
cycle:      113800, I'm still alive :). weeeeeee
cycle:      113900, I'm still alive :). weeeeeee
cycle:      114000, I'm still alive :). weeeeeee
cycle:      114100, I'm still alive :). weeeeeee
cycle:      114200, I'm still alive :). weeeeeee
cycle:      114300, I'm still alive :). weeeeeee
cycle:      114400, I'm still alive :). weeeeeee
cycle:      114500, I'm still alive :). weeeeeee
cycle:      114600, I'm still alive :). weeeeeee
cycle:      114700, I'm still alive :). weeeeeee
cycle:      114800, I'm still alive :). weeeeeee
cycle:      114900, I'm still alive :). weeeeeee
cycle:      115000, I'm still alive :). weeeeeee
cycle:      115100, I'm still alive :). weeeeeee
cycle:      115200, I'm still alive :). weeeeeee
cycle:      115300, I'm still alive :). weeeeeee
cycle:      115400, I'm still alive :). weeeeeee
cycle:      115500, I'm still alive :). weeeeeee
cycle:      115600, I'm still alive :). weeeeeee
cycle:      115700, I'm still alive :). weeeeeee
cycle:      115800, I'm still alive :). weeeeeee
cycle:      115900, I'm still alive :). weeeeeee
cycle:      116000, I'm still alive :). weeeeeee
cycle:      116100, I'm still alive :). weeeeeee
cycle:      116200, I'm still alive :). weeeeeee
cycle:      116300, I'm still alive :). weeeeeee
cycle:      116400, I'm still alive :). weeeeeee
cycle:      116500, I'm still alive :). weeeeeee
cycle:      116600, I'm still alive :). weeeeeee
cycle:      116700, I'm still alive :). weeeeeee
cycle:      116800, I'm still alive :). weeeeeee
cycle:      116900, I'm still alive :). weeeeeee
cycle:      117000, I'm still alive :). weeeeeee
cycle:      117100, I'm still alive :). weeeeeee
cycle:      117200, I'm still alive :). weeeeeee
cycle:      117300, I'm still alive :). weeeeeee
cycle:      117400, I'm still alive :). weeeeeee
cycle:      117500, I'm still alive :). weeeeeee
cycle:      117600, I'm still alive :). weeeeeee
cycle:      117700, I'm still alive :). weeeeeee
cycle:      117800, I'm still alive :). weeeeeee
cycle:      117900, I'm still alive :). weeeeeee
cycle:      118000, I'm still alive :). weeeeeee
cycle:      118100, I'm still alive :). weeeeeee
cycle:      118200, I'm still alive :). weeeeeee
cycle:      118300, I'm still alive :). weeeeeee
cycle:      118400, I'm still alive :). weeeeeee
cycle:      118500, I'm still alive :). weeeeeee
cycle:      118600, I'm still alive :). weeeeeee
cycle:      118700, I'm still alive :). weeeeeee
cycle:      118800, I'm still alive :). weeeeeee
cycle:      118900, I'm still alive :). weeeeeee
cycle:      119000, I'm still alive :). weeeeeee
cycle:      119100, I'm still alive :). weeeeeee
cycle:      119200, I'm still alive :). weeeeeee
cycle:      119300, I'm still alive :). weeeeeee
cycle:      119400, I'm still alive :). weeeeeee
cycle:      119500, I'm still alive :). weeeeeee
cycle:      119600, I'm still alive :). weeeeeee
cycle:      119700, I'm still alive :). weeeeeee
cycle:      119800, I'm still alive :). weeeeeee
cycle:      119900, I'm still alive :). weeeeeee
cycle:      120000, I'm still alive :). weeeeeee
cycle:      120100, I'm still alive :). weeeeeee
cycle:      120200, I'm still alive :). weeeeeee
cycle:      120300, I'm still alive :). weeeeeee
cycle:      120400, I'm still alive :). weeeeeee
cycle:      120500, I'm still alive :). weeeeeee
cycle:      120600, I'm still alive :). weeeeeee
cycle:      120700, I'm still alive :). weeeeeee
cycle:      120800, I'm still alive :). weeeeeee
cycle:      120900, I'm still alive :). weeeeeee
cycle:      121000, I'm still alive :). weeeeeee
cycle:      121100, I'm still alive :). weeeeeee
cycle:      121200, I'm still alive :). weeeeeee
cycle:      121300, I'm still alive :). weeeeeee
cycle:      121400, I'm still alive :). weeeeeee
cycle:      121500, I'm still alive :). weeeeeee
cycle:      121600, I'm still alive :). weeeeeee
cycle:      121700, I'm still alive :). weeeeeee
cycle:      121800, I'm still alive :). weeeeeee
cycle:      121900, I'm still alive :). weeeeeee
cycle:      122000, I'm still alive :). weeeeeee
cycle:      122100, I'm still alive :). weeeeeee
cycle:      122200, I'm still alive :). weeeeeee
cycle:      122300, I'm still alive :). weeeeeee
cycle:      122400, I'm still alive :). weeeeeee
cycle:      122500, I'm still alive :). weeeeeee
cycle:      122600, I'm still alive :). weeeeeee
cycle:      122700, I'm still alive :). weeeeeee
cycle:      122800, I'm still alive :). weeeeeee
cycle:      122900, I'm still alive :). weeeeeee
cycle:      123000, I'm still alive :). weeeeeee
cycle:      123100, I'm still alive :). weeeeeee
cycle:      123200, I'm still alive :). weeeeeee
cycle:      123300, I'm still alive :). weeeeeee
cycle:      123400, I'm still alive :). weeeeeee
cycle:      123500, I'm still alive :). weeeeeee
cycle:      123600, I'm still alive :). weeeeeee
cycle:      123700, I'm still alive :). weeeeeee
cycle:      123800, I'm still alive :). weeeeeee
cycle:      123900, I'm still alive :). weeeeeee
cycle:      124000, I'm still alive :). weeeeeee
cycle:      124100, I'm still alive :). weeeeeee
cycle:      124200, I'm still alive :). weeeeeee
cycle:      124300, I'm still alive :). weeeeeee
cycle:      124400, I'm still alive :). weeeeeee
cycle:      124500, I'm still alive :). weeeeeee
cycle:      124600, I'm still alive :). weeeeeee
cycle:      124700, I'm still alive :). weeeeeee
cycle:      124800, I'm still alive :). weeeeeee
cycle:      124900, I'm still alive :). weeeeeee
cycle:      125000, I'm still alive :). weeeeeee
cycle:      125100, I'm still alive :). weeeeeee
cycle:      125200, I'm still alive :). weeeeeee
cycle:      125300, I'm still alive :). weeeeeee
cycle:      125400, I'm still alive :). weeeeeee
cycle:      125500, I'm still alive :). weeeeeee
cycle:      125600, I'm still alive :). weeeeeee
cycle:      125700, I'm still alive :). weeeeeee
cycle:      125800, I'm still alive :). weeeeeee
cycle:      125900, I'm still alive :). weeeeeee
cycle:      126000, I'm still alive :). weeeeeee
cycle:      126100, I'm still alive :). weeeeeee
cycle:      126200, I'm still alive :). weeeeeee
cycle:      126300, I'm still alive :). weeeeeee
cycle:      126400, I'm still alive :). weeeeeee
cycle:      126500, I'm still alive :). weeeeeee
cycle:      126600, I'm still alive :). weeeeeee
cycle:      126700, I'm still alive :). weeeeeee
cycle:      126800, I'm still alive :). weeeeeee
cycle:      126900, I'm still alive :). weeeeeee
cycle:      127000, I'm still alive :). weeeeeee
cycle:      127100, I'm still alive :). weeeeeee
cycle:      127200, I'm still alive :). weeeeeee
cycle:      127300, I'm still alive :). weeeeeee
cycle:      127400, I'm still alive :). weeeeeee
cycle:      127500, I'm still alive :). weeeeeee
cycle:      127600, I'm still alive :). weeeeeee
cycle:      127700, I'm still alive :). weeeeeee
cycle:      127800, I'm still alive :). weeeeeee
cycle:      127900, I'm still alive :). weeeeeee
cycle:      128000, I'm still alive :). weeeeeee
cycle:      128100, I'm still alive :). weeeeeee
cycle:      128200, I'm still alive :). weeeeeee
cycle:      128300, I'm still alive :). weeeeeee
cycle:      128400, I'm still alive :). weeeeeee
cycle:      128500, I'm still alive :). weeeeeee
cycle:      128600, I'm still alive :). weeeeeee
cycle:      128700, I'm still alive :). weeeeeee
cycle:      128800, I'm still alive :). weeeeeee
cycle:      128900, I'm still alive :). weeeeeee
cycle:      129000, I'm still alive :). weeeeeee
cycle:      129100, I'm still alive :). weeeeeee
cycle:      129200, I'm still alive :). weeeeeee
cycle:      129300, I'm still alive :). weeeeeee
cycle:      129400, I'm still alive :). weeeeeee
cycle:      129500, I'm still alive :). weeeeeee
cycle:      129600, I'm still alive :). weeeeeee
cycle:      129700, I'm still alive :). weeeeeee
cycle:      129800, I'm still alive :). weeeeeee
cycle:      129900, I'm still alive :). weeeeeee
cycle:      130000, I'm still alive :). weeeeeee
cycle:      130100, I'm still alive :). weeeeeee
cycle:      130200, I'm still alive :). weeeeeee
cycle:      130300, I'm still alive :). weeeeeee
cycle:      130400, I'm still alive :). weeeeeee
cycle:      130500, I'm still alive :). weeeeeee
cycle:      130600, I'm still alive :). weeeeeee
cycle:      130700, I'm still alive :). weeeeeee
cycle:      130800, I'm still alive :). weeeeeee
cycle:      130900, I'm still alive :). weeeeeee
cycle:      131000, I'm still alive :). weeeeeee
cycle:      131100, I'm still alive :). weeeeeee
cycle:      131200, I'm still alive :). weeeeeee
cycle:      131300, I'm still alive :). weeeeeee
cycle:      131400, I'm still alive :). weeeeeee
cycle:      131500, I'm still alive :). weeeeeee
cycle:      131600, I'm still alive :). weeeeeee
cycle:      131700, I'm still alive :). weeeeeee
cycle:      131800, I'm still alive :). weeeeeee
cycle:      131900, I'm still alive :). weeeeeee
cycle:      132000, I'm still alive :). weeeeeee
cycle:      132100, I'm still alive :). weeeeeee
cycle:      132200, I'm still alive :). weeeeeee
cycle:      132300, I'm still alive :). weeeeeee
cycle:      132400, I'm still alive :). weeeeeee
cycle:      132500, I'm still alive :). weeeeeee
cycle:      132600, I'm still alive :). weeeeeee
cycle:      132700, I'm still alive :). weeeeeee
cycle:      132800, I'm still alive :). weeeeeee
cycle:      132900, I'm still alive :). weeeeeee
cycle:      133000, I'm still alive :). weeeeeee
cycle:      133100, I'm still alive :). weeeeeee
cycle:      133200, I'm still alive :). weeeeeee
cycle:      133300, I'm still alive :). weeeeeee
cycle:      133400, I'm still alive :). weeeeeee
cycle:      133500, I'm still alive :). weeeeeee
cycle:      133600, I'm still alive :). weeeeeee
cycle:      133700, I'm still alive :). weeeeeee
cycle:      133800, I'm still alive :). weeeeeee
cycle:      133900, I'm still alive :). weeeeeee
cycle:      134000, I'm still alive :). weeeeeee
cycle:      134100, I'm still alive :). weeeeeee
cycle:      134200, I'm still alive :). weeeeeee
cycle:      134300, I'm still alive :). weeeeeee
cycle:      134400, I'm still alive :). weeeeeee
cycle:      134500, I'm still alive :). weeeeeee
cycle:      134600, I'm still alive :). weeeeeee
cycle:      134700, I'm still alive :). weeeeeee
cycle:      134800, I'm still alive :). weeeeeee
cycle:      134900, I'm still alive :). weeeeeee
cycle:      135000, I'm still alive :). weeeeeee
cycle:      135100, I'm still alive :). weeeeeee
cycle:      135200, I'm still alive :). weeeeeee
cycle:      135300, I'm still alive :). weeeeeee
cycle:      135400, I'm still alive :). weeeeeee
cycle:      135500, I'm still alive :). weeeeeee
cycle:      135600, I'm still alive :). weeeeeee
cycle:      135700, I'm still alive :). weeeeeee
cycle:      135800, I'm still alive :). weeeeeee
cycle:      135900, I'm still alive :). weeeeeee
cycle:      136000, I'm still alive :). weeeeeee
cycle:      136100, I'm still alive :). weeeeeee
cycle:      136200, I'm still alive :). weeeeeee
cycle:      136300, I'm still alive :). weeeeeee
cycle:      136400, I'm still alive :). weeeeeee
cycle:      136500, I'm still alive :). weeeeeee
cycle:      136600, I'm still alive :). weeeeeee
cycle:      136700, I'm still alive :). weeeeeee
cycle:      136800, I'm still alive :). weeeeeee
cycle:      136900, I'm still alive :). weeeeeee
cycle:      137000, I'm still alive :). weeeeeee
cycle:      137100, I'm still alive :). weeeeeee
cycle:      137200, I'm still alive :). weeeeeee
cycle:      137300, I'm still alive :). weeeeeee
cycle:      137400, I'm still alive :). weeeeeee
cycle:      137500, I'm still alive :). weeeeeee
cycle:      137600, I'm still alive :). weeeeeee
cycle:      137700, I'm still alive :). weeeeeee
cycle:      137800, I'm still alive :). weeeeeee
cycle:      137900, I'm still alive :). weeeeeee
cycle:      138000, I'm still alive :). weeeeeee
cycle:      138100, I'm still alive :). weeeeeee
cycle:      138200, I'm still alive :). weeeeeee
cycle:      138300, I'm still alive :). weeeeeee
cycle:      138400, I'm still alive :). weeeeeee
cycle:      138500, I'm still alive :). weeeeeee
cycle:      138600, I'm still alive :). weeeeeee
cycle:      138700, I'm still alive :). weeeeeee
cycle:      138800, I'm still alive :). weeeeeee
cycle:      138900, I'm still alive :). weeeeeee
cycle:      139000, I'm still alive :). weeeeeee
cycle:      139100, I'm still alive :). weeeeeee
cycle:      139200, I'm still alive :). weeeeeee
cycle:      139300, I'm still alive :). weeeeeee
cycle:      139400, I'm still alive :). weeeeeee
cycle:      139500, I'm still alive :). weeeeeee
cycle:      139600, I'm still alive :). weeeeeee
cycle:      139700, I'm still alive :). weeeeeee
cycle:      139800, I'm still alive :). weeeeeee
cycle:      139900, I'm still alive :). weeeeeee
cycle:      140000, I'm still alive :). weeeeeee
cycle:      140100, I'm still alive :). weeeeeee
cycle:      140200, I'm still alive :). weeeeeee
cycle:      140300, I'm still alive :). weeeeeee
cycle:      140400, I'm still alive :). weeeeeee
cycle:      140500, I'm still alive :). weeeeeee
cycle:      140600, I'm still alive :). weeeeeee
cycle:      140700, I'm still alive :). weeeeeee
cycle:      140800, I'm still alive :). weeeeeee
cycle:      140900, I'm still alive :). weeeeeee
cycle:      141000, I'm still alive :). weeeeeee
cycle:      141100, I'm still alive :). weeeeeee
cycle:      141200, I'm still alive :). weeeeeee
cycle:      141300, I'm still alive :). weeeeeee
cycle:      141400, I'm still alive :). weeeeeee
cycle:      141500, I'm still alive :). weeeeeee
cycle:      141600, I'm still alive :). weeeeeee
cycle:      141700, I'm still alive :). weeeeeee
cycle:      141800, I'm still alive :). weeeeeee
cycle:      141900, I'm still alive :). weeeeeee
cycle:      142000, I'm still alive :). weeeeeee
cycle:      142100, I'm still alive :). weeeeeee
cycle:      142200, I'm still alive :). weeeeeee
cycle:      142300, I'm still alive :). weeeeeee
cycle:      142400, I'm still alive :). weeeeeee
cycle:      142500, I'm still alive :). weeeeeee
cycle:      142600, I'm still alive :). weeeeeee
cycle:      142700, I'm still alive :). weeeeeee
cycle:      142800, I'm still alive :). weeeeeee
cycle:      142900, I'm still alive :). weeeeeee
cycle:      143000, I'm still alive :). weeeeeee
cycle:      143100, I'm still alive :). weeeeeee
cycle:      143200, I'm still alive :). weeeeeee
cycle:      143300, I'm still alive :). weeeeeee
cycle:      143400, I'm still alive :). weeeeeee
cycle:      143500, I'm still alive :). weeeeeee
cycle:      143600, I'm still alive :). weeeeeee
cycle:      143700, I'm still alive :). weeeeeee
cycle:      143800, I'm still alive :). weeeeeee
cycle:      143900, I'm still alive :). weeeeeee
cycle:      144000, I'm still alive :). weeeeeee
cycle:      144100, I'm still alive :). weeeeeee
cycle:      144200, I'm still alive :). weeeeeee
cycle:      144300, I'm still alive :). weeeeeee
cycle:      144400, I'm still alive :). weeeeeee
cycle:      144500, I'm still alive :). weeeeeee
cycle:      144600, I'm still alive :). weeeeeee
cycle:      144700, I'm still alive :). weeeeeee
cycle:      144800, I'm still alive :). weeeeeee
cycle:      144900, I'm still alive :). weeeeeee
cycle:      145000, I'm still alive :). weeeeeee
cycle:      145100, I'm still alive :). weeeeeee
cycle:      145200, I'm still alive :). weeeeeee
cycle:      145300, I'm still alive :). weeeeeee
cycle:      145400, I'm still alive :). weeeeeee
cycle:      145500, I'm still alive :). weeeeeee
cycle:      145600, I'm still alive :). weeeeeee
cycle:      145700, I'm still alive :). weeeeeee
cycle:      145800, I'm still alive :). weeeeeee
cycle:      145900, I'm still alive :). weeeeeee
cycle:      146000, I'm still alive :). weeeeeee
cycle:      146100, I'm still alive :). weeeeeee
cycle:      146200, I'm still alive :). weeeeeee
cycle:      146300, I'm still alive :). weeeeeee
cycle:      146400, I'm still alive :). weeeeeee
cycle:      146500, I'm still alive :). weeeeeee
cycle:      146600, I'm still alive :). weeeeeee
cycle:      146700, I'm still alive :). weeeeeee
cycle:      146800, I'm still alive :). weeeeeee
cycle:      146900, I'm still alive :). weeeeeee
cycle:      147000, I'm still alive :). weeeeeee
cycle:      147100, I'm still alive :). weeeeeee
cycle:      147200, I'm still alive :). weeeeeee
cycle:      147300, I'm still alive :). weeeeeee
cycle:      147400, I'm still alive :). weeeeeee
cycle:      147500, I'm still alive :). weeeeeee
cycle:      147600, I'm still alive :). weeeeeee
cycle:      147700, I'm still alive :). weeeeeee
cycle:      147800, I'm still alive :). weeeeeee
cycle:      147900, I'm still alive :). weeeeeee
cycle:      148000, I'm still alive :). weeeeeee
cycle:      148100, I'm still alive :). weeeeeee
cycle:      148200, I'm still alive :). weeeeeee
cycle:      148300, I'm still alive :). weeeeeee
cycle:      148400, I'm still alive :). weeeeeee
cycle:      148500, I'm still alive :). weeeeeee
cycle:      148600, I'm still alive :). weeeeeee
cycle:      148700, I'm still alive :). weeeeeee
cycle:      148800, I'm still alive :). weeeeeee
PRESIM_PASS: HA HA HA, 3D Model mesh to 2D screen buffer success!!
$finish called from file "test_Graphic_3Dto2D_top.v", line 451.
$finish at simulation time             14884700
           V C S   S i m u l a t i o n   R e p o r t 
Time: 1488470000 ps
CPU Time:      5.830 seconds;       Data structure size:  45.6Mb
Wed Dec 25 14:34:30 2024
CPU time: .476 seconds to compile + .250 seconds to elab + .268 seconds to link + 5.864 seconds in simulation
