Command: vcs -R +v2k -full64 -f gatesim.f -debug_acc -l sim_BOX_PAT2_GATESIM.log \
+define+BOX +define+PAT2 +define+GATESIM +define+DUMPFILE +warn=none
*** Using c compiler gcc instead of cc ...
                         Chronologic VCS (TM)
         Version N-2017.12_Full64 -- Wed Dec 25 19:29:45 2024
               Copyright (c) 1991-2017 by Synopsys Inc.
                         ALL RIGHTS RESERVED

This program is proprietary and confidential information of Synopsys Inc.
and may be used and disclosed only as authorized in a license agreement
controlling such use and disclosure.

Parsing design file 'test_Graphic_3Dto2D_top.v'
Parsing design file 'sram_model/sram_depth.v'
Parsing design file 'sram_model/sram_face.v'
Parsing design file 'sram_model/sram_screen_buffer_color.v'
Parsing design file 'sram_model/sram_vertex_color.v'
Parsing design file 'sram_model/sram_vertex_position.v'
Parsing design file '../syn/netlist/Graphic_3Dto2D_top_syn.v'
Parsing library file '/usr/cadtool/GPDK45/gsclib045_svt_v4.4/gsclib045/verilog/slow_vdd1v2_basicCells.v'
Top Level Modules:
       test_Graphic_3Dto2D_top
TimeScale is 1 ns / 1 ps

   ***   $sdf_annotate() version 1.2R
   ***    SDF file: "../syn/netlist/Graphic_3Dto2D_top_syn.sdf"
   ***    Annotation scope: test_Graphic_3Dto2D_top.Graphic_3Dto2D_top_U0
   ***    No MTM selection argument specified
   ***    No SCALE FACTORS argument specified
   ***    No SCALE TYPE argument specified
   ***    MTM selection defaulted to "TOOL_CONTROL":
               (+maxdelays compiled, MAXIMUM delays selected)
   ***    SCALE FACTORS defaulted to "1.0:1.0:1.0":
   ***    SCALE TYPE defaulted to: "FROM_MTM"
   ***    Turnoff delay: "FROM_FILE"
   ***    Approximation (mipd) policy: "MAXIMUM"

   ***    SDF annotation begin: Wed Dec 25 19:30:00 2024


SDF Info: +pulse_r/100, +pulse_e/100 in effect

          Total errors: 0
          Total warnings: 0
   ***    SDF annotation completed: Wed Dec 25 19:30:07 2024


Starting vcs inline pass...
166 modules and 3 UDPs read.
recompiling module test_Graphic_3Dto2D_top
	However, due to incremental compilation, only 1 module needs to be compiled. 
rm -f _csrc*.so pre_vcsobj_*.so share_vcsobj_*.so
ld -shared  -o .//../simv.daidir//_csrc0.so objs/amcQw_d.o 
rm -f _csrc0.so
if [ -x ../simv ]; then chmod -x ../simv; fi
g++  -o ../simv   -Wl,-rpath-link=./ -Wl,-rpath='$ORIGIN'/simv.daidir/ -Wl,-rpath=./simv.daidir/ \
-Wl,-rpath='$ORIGIN'/simv.daidir//scsim.db.dir  -rdynamic     _14442_archive_1.so \
_prev_archive_1.so _csrc0.so objs/udps/mICBD.o objs/udps/zrRAN.o objs/udps/aHiUc.o \
SIM_l.o  _csrc0.so     rmapats_mop.o rmapats.o rmar.o rmar_nd.o  rmar_llvm_0_1.o \
rmar_llvm_0_0.o          /usr/cad/synopsys/vcs/2017.12/linux64/lib/libzerosoft_rt_stubs.so \
/usr/cad/synopsys/vcs/2017.12/linux64/lib/libvirsim.so /usr/cad/synopsys/vcs/2017.12/linux64/lib/liberrorinf.so \
/usr/cad/synopsys/vcs/2017.12/linux64/lib/libsnpsmalloc.so /usr/cad/synopsys/vcs/2017.12/linux64/lib/libvfs.so \
/usr/cad/synopsys/vcs/2017.12/linux64/lib/libvcsnew.so /usr/cad/synopsys/vcs/2017.12/linux64/lib/libsimprofile.so \
/usr/cad/synopsys/vcs/2017.12/linux64/lib/libuclinative.so /usr/cad/synopsys/vcs/2017.12/linux64/lib/vcs_tls.o \
-Wl,-whole-archive /usr/cad/synopsys/vcs/2017.12/linux64/lib/libvcsucli.so -Wl,-no-whole-archive \
_vcs_pli_stub_.o   /usr/cad/synopsys/vcs/2017.12/linux64/lib/vcs_save_restore_new.o \
/usr/cad/synopsys/verdi/2019.06/share/PLI/VCS/LINUX64/pli.a -ldl  -lc -lm -lpthread \
-ldl 
../simv up to date
Command: /home/u110/u110060035/ICLAB/final_project/3D-rendering-accelerator/code/sim/./simv +v2k -a sim_BOX_PAT2_GATESIM.log +define+BOX +define+PAT2 +define+GATESIM +define+DUMPFILE +warn=none
Chronologic VCS simulator copyright 1991-2017
Contains Synopsys proprietary information.
Compiler version N-2017.12_Full64; Runtime version N-2017.12_Full64;  Dec 25 19:30 2024
Doing SDF annotation ...... Done
*Verdi* Loading libsscore_vcs201712.so
FSDB Dumper for VCS, Release Verdi_P-2019.06, Linux x86_64/64bit, 05/26/2019
(C) 1996 - 2019 by Synopsys, Inc.
*Verdi* FSDB WARNING: The FSDB file already exists. Overwriting the FSDB file may crash the programs that are using this file.
*Verdi* : Create FSDB file 'gatesim.fsdb'
*Verdi* : Begin traversing the scope (test_Graphic_3Dto2D_top.Graphic_3Dto2D_top_U0), layer (0).
*Verdi* : Enable +mda dumping.
*Verdi* : End of traversing.
cycle:         100, I'm still alive :). weeeeeee
*Verdi* FSDB: For performance reasons, the Memory Size Limit has been increased to 128M.
cycle:         200, I'm still alive :). weeeeeee
cycle:         300, I'm still alive :). weeeeeee
cycle:         400, I'm still alive :). weeeeeee
cycle:         500, I'm still alive :). weeeeeee
cycle:         600, I'm still alive :). weeeeeee
cycle:         700, I'm still alive :). weeeeeee
cycle:         800, I'm still alive :). weeeeeee
cycle:         900, I'm still alive :). weeeeeee
cycle:        1000, I'm still alive :). weeeeeee
cycle:        1100, I'm still alive :). weeeeeee
cycle:        1200, I'm still alive :). weeeeeee
cycle:        1300, I'm still alive :). weeeeeee
cycle:        1400, I'm still alive :). weeeeeee
cycle:        1500, I'm still alive :). weeeeeee
cycle:        1600, I'm still alive :). weeeeeee
cycle:        1700, I'm still alive :). weeeeeee
cycle:        1800, I'm still alive :). weeeeeee
cycle:        1900, I'm still alive :). weeeeeee
cycle:        2000, I'm still alive :). weeeeeee
cycle:        2100, I'm still alive :). weeeeeee
cycle:        2200, I'm still alive :). weeeeeee
cycle:        2300, I'm still alive :). weeeeeee
cycle:        2400, I'm still alive :). weeeeeee
cycle:        2500, I'm still alive :). weeeeeee
cycle:        2600, I'm still alive :). weeeeeee
cycle:        2700, I'm still alive :). weeeeeee
cycle:        2800, I'm still alive :). weeeeeee
cycle:        2900, I'm still alive :). weeeeeee
cycle:        3000, I'm still alive :). weeeeeee
cycle:        3100, I'm still alive :). weeeeeee
cycle:        3200, I'm still alive :). weeeeeee
cycle:        3300, I'm still alive :). weeeeeee
cycle:        3400, I'm still alive :). weeeeeee
cycle:        3500, I'm still alive :). weeeeeee
cycle:        3600, I'm still alive :). weeeeeee
cycle:        3700, I'm still alive :). weeeeeee
cycle:        3800, I'm still alive :). weeeeeee
cycle:        3900, I'm still alive :). weeeeeee
cycle:        4000, I'm still alive :). weeeeeee
cycle:        4100, I'm still alive :). weeeeeee
cycle:        4200, I'm still alive :). weeeeeee
cycle:        4300, I'm still alive :). weeeeeee
cycle:        4400, I'm still alive :). weeeeeee
cycle:        4500, I'm still alive :). weeeeeee
cycle:        4600, I'm still alive :). weeeeeee
cycle:        4700, I'm still alive :). weeeeeee
cycle:        4800, I'm still alive :). weeeeeee
cycle:        4900, I'm still alive :). weeeeeee
cycle:        5000, I'm still alive :). weeeeeee
cycle:        5100, I'm still alive :). weeeeeee
cycle:        5200, I'm still alive :). weeeeeee
cycle:        5300, I'm still alive :). weeeeeee
cycle:        5400, I'm still alive :). weeeeeee
cycle:        5500, I'm still alive :). weeeeeee
cycle:        5600, I'm still alive :). weeeeeee
cycle:        5700, I'm still alive :). weeeeeee
cycle:        5800, I'm still alive :). weeeeeee
cycle:        5900, I'm still alive :). weeeeeee
cycle:        6000, I'm still alive :). weeeeeee
cycle:        6100, I'm still alive :). weeeeeee
cycle:        6200, I'm still alive :). weeeeeee
cycle:        6300, I'm still alive :). weeeeeee
cycle:        6400, I'm still alive :). weeeeeee
cycle:        6500, I'm still alive :). weeeeeee
cycle:        6600, I'm still alive :). weeeeeee
cycle:        6700, I'm still alive :). weeeeeee
cycle:        6800, I'm still alive :). weeeeeee
cycle:        6900, I'm still alive :). weeeeeee
cycle:        7000, I'm still alive :). weeeeeee
cycle:        7100, I'm still alive :). weeeeeee
GATESIM_PASS: HA HA HA, 3D Model mesh to 2D screen buffer success!!
$finish called from file "test_Graphic_3Dto2D_top.v", line 451.
$finish at simulation time             71250000
           V C S   S i m u l a t i o n   R e p o r t 
Time: 71250000 ps
CPU Time:   1231.080 seconds;       Data structure size: 207.1Mb
Wed Dec 25 19:43:11 2024
CPU time: 36.048 seconds to compile + 17.443 seconds to elab + 1.193 seconds to link + 1231.194 seconds in simulation
