
                           Design Compiler Graphical 
                                 DC Ultra (TM)
                                  DFTMAX (TM)
                              Power Compiler (TM)
                                 DesignWare (R)
                                 DC Expert (TM)
                               Design Vision (TM)
                               HDL Compiler (TM)
                               VHDL Compiler (TM)
                                  DFT Compiler
                               Design Compiler(R)

               Version R-2020.09-SP5 for linux64 - Apr 23, 2021 

                    Copyright (c) 1988 - 2021 Synopsys, Inc.
   This software and the associated documentation are proprietary to Synopsys,
 Inc. This software may only be used in accordance with the terms and conditions
 of a written license agreement with Synopsys, Inc. All other use, reproduction,
   or distribution of this software is strictly prohibited.  Licensed Products
     communicate with Synopsys servers for the purpose of providing software
    updates, detecting software piracy and verifying that customers are using
    Licensed Products in conformity with the applicable License Key for such
  Licensed Products. Synopsys will use information gathered in connection with
    this process to deliver software updates and pursue software pirates and
                                   infringers.

 Inclusivity & Diversity - Visit SolvNetPlus to read the "Synopsys Statement on
            Inclusivity and Diversity" (Refer to article 000036315 at
                        https://solvnetplus.synopsys.com)
Initializing...
# Set your TOPLEVEL here
set TOPLEVEL "Rasterization"
Rasterization
# Change your timing constraint here
set TEST_CYCLE 8.0
8.0
source -echo -verbose 0_readfile.tcl 
set TOP_DIR $TOPLEVEL
Rasterization
set RPT_DIR report
report
set NET_DIR netlist
netlist
sh rm -rf ./$TOP_DIR
sh rm -rf ./$RPT_DIR
sh rm -rf ./$NET_DIR
sh mkdir ./$TOP_DIR
sh mkdir ./$RPT_DIR
sh mkdir ./$NET_DIR
# Define a lib path
define_design_lib $TOPLEVEL -path ./$TOPLEVEL
1
# Add your hdl files here
analyze -library $TOPLEVEL -format verilog "../hdl/Graphic_3Dto2D_top.v"
Running PRESTO HDLC
Compiling source file ../hdl/Graphic_3Dto2D_top.v
Warning:  ../hdl/Graphic_3Dto2D_top.v:221: the undeclared symbol 'data_ready_use' assumed to have the default net type, which is 'wire'. (VER-936)
Presto compilation completed successfully.
Loading db file '/usr/cadtool/GPDK45/gsclib045_svt_v4.4/gsclib045/db/slow_vdd1v2_basicCells_wl.db'
Loading db file '/usr/cad/synopsys/synthesis/cur/libraries/syn/dw_foundation.sldb'
1
analyze -library $TOPLEVEL -format verilog "../hdl/Rasterizer.v"
Running PRESTO HDLC
Compiling source file ../hdl/Rasterizer.v
Presto compilation completed successfully.
1
analyze -library $TOPLEVEL -format verilog "../hdl/vertex_shader.v"
Running PRESTO HDLC
Compiling source file ../hdl/vertex_shader.v
Presto compilation completed successfully.
1
analyze -library $TOPLEVEL -format verilog "../hdl/getColorDepth.v"
Running PRESTO HDLC
Compiling source file ../hdl/getColorDepth.v
Presto compilation completed successfully.
1
analyze -library $TOPLEVEL -format verilog "../hdl/controller.v"
Running PRESTO HDLC
Compiling source file ../hdl/controller.v
Presto compilation completed successfully.
1
analyze -library $TOPLEVEL -format verilog "../hdl/cross_product.v"
Running PRESTO HDLC
Compiling source file ../hdl/cross_product.v
Presto compilation completed successfully.
1
analyze -library $TOPLEVEL -format verilog "../hdl/divider.v"
Running PRESTO HDLC
Compiling source file ../hdl/divider.v
Presto compilation completed successfully.
1
analyze -library $TOPLEVEL -format verilog "../hdl/divider_unit.v"
Running PRESTO HDLC
Compiling source file ../hdl/divider_unit.v
Presto compilation completed successfully.
1
analyze -library $TOPLEVEL -format verilog "../hdl/divider_unit_last.v"
Running PRESTO HDLC
Compiling source file ../hdl/divider_unit_last.v
Presto compilation completed successfully.
1
analyze -library $TOPLEVEL -format verilog "../hdl/inv_sqrt.v"
Running PRESTO HDLC
Compiling source file ../hdl/inv_sqrt.v
Presto compilation completed successfully.
1
analyze -library $TOPLEVEL -format verilog "../hdl/inv_sqrt_LUT.v"
Running PRESTO HDLC
Compiling source file ../hdl/inv_sqrt_LUT.v
Presto compilation completed successfully.
1
analyze -library $TOPLEVEL -format verilog "../hdl/neg_dot_product.v"
Running PRESTO HDLC
Compiling source file ../hdl/neg_dot_product.v
Presto compilation completed successfully.
1
# Elaborate your design
elaborate $TOPLEVEL -architecture verilog -library $TOPLEVEL
Loading db file '/usr/cad/synopsys/synthesis/cur/libraries/syn/gtech.db'
Loading db file '/usr/cad/synopsys/synthesis/cur/libraries/syn/standard.sldb'
  Loading link library 'slow_vdd1v2'
  Loading link library 'gtech'
Error: Can't find the architecture 'Rasterization(verilog)' in the library 'Rasterization'
0
# Solve multiple instance
set uniquify_naming_style "%s_mydesign_%d"
%s_mydesign_%d
uniquify
Error: Current design is not defined. (UID-4)
0
# Link the design
current_design $TOPLEVEL
Error: Can't find design 'Rasterization'. (UID-109)
Error: Current design is not defined. (UID-4)
link
Error: Current design is not defined. (UID-4)
0
0
source -echo -verbose 1_setting.tcl 
# Set design and I/O environment
set_operating_conditions -library slow_vdd1v2 PVT_1P08V_125C
Error: Current design is not defined. (UID-4)
0
# Assume outputs go to DFF and inputs also come from DFF
set_driving_cell -library slow_vdd1v2 -lib_cell DFFHQX1 -pin {Q} [all_inputs]	
Error: Current design is not defined. (UID-4)
Error: Value for list 'port_list' must have 1 elements. (CMD-036)
0
set_load [load_of "slow_vdd1v2/DFFHQX1/D"] [all_outputs]
Error: Current design is not defined. (UID-4)
Error: Value for list 'objects' must have 1 elements. (CMD-036)
0
# Set wireload model
set_wire_load_mode enclosed
Error: Current design is not defined. (UID-4)
0
set_wire_load_model -name "Large" $TOPLEVEL
Error: Current design is not defined. (UID-4)
Error: Can't find object 'Rasterization'. (UID-109)
Error: Value for list 'object_list' must have 1 elements. (CMD-036)
0
# Set timing constraint
#-- ceate clock
create_clock -name clk -period $TEST_CYCLE [get_ports clk]
Error: Current design is not defined. (UID-4)
Error: Can't find port 'clk'. (UID-109)
Error: Value for list 'source_objects' must have 1 elements. (CMD-036)
0
#-- set clock constraint
set_ideal_network      [get_ports clk]
Error: Current design is not defined. (UID-4)
Error: Can't find port 'clk'. (UID-109)
Error: Value for list 'object_list' must have 1 elements. (CMD-036)
0
set_dont_touch_network [all_clocks]
Error: Current design is not defined. (UID-4)
Error: Value for list '<object_list>' must have 1 elements. (CMD-036)
0
#-- set I/O delay
#set_input_delay  [expr $TEST_CYCLE*0.7] -clock clk [remove_from_collection [all_inputs] [get_ports clk]]
set_output_delay [expr $TEST_CYCLE*0.7] -clock clk [all_outputs]
Error: Current design is not defined. (UID-4)
Error: Current design is not defined. (UID-4)
Error: Can't find clock 'clk'. (UID-109)
Error: Value for list '-clock' must have 1 elements. (CMD-036)
Error: Value for list 'port_pin_list' must have 1 elements. (CMD-036)
0
# Set DRC constraint
# Defensive setting: default fanout_load 1.0 and our target max fanout # 20 => 1.0*20 = 20.0
# max_transition and max_capacitance are given in the cell library
set_max_fanout 20.0 $TOPLEVEL
Error: Current design is not defined. (UID-4)
Error: Can't find object 'Rasterization'. (UID-109)
Error: Value for list 'object_list' must have 1 elements. (CMD-036)
0
# Set area constraint
set_max_area 0
Error: Current design is not defined. (UID-4)
0
0
source -echo -verbose 2_compile.tcl 
# Before synthesis settings
set case_analysis_with_logic_constants true
true
set_fix_multiple_port_nets -feedthroughs -outputs -constants -buffer_constants
Error: Current design is not defined. (UID-4)
0
# Check design
check_design > ./$RPT_DIR/check_design.log
check_timing > ./$RPT_DIR/check_timing.log
set_clock_gating_style -max_fanout 10

Current clock gating style....
Sequential cell: latch
Minimum bank bitwidth: 3
Minimum bank bitwidth for enhanced clock gating: 6
Maximum fanout: 10
Setup time for clock gate: 0.000000
Hold time for clock gate: 0.000000
Clock gating circuitry (positive edge): and
Clock gating circuitry (negative edge): or
 Note: inverter between clock gating circuitry 
       and (negative edge) register clock pin.
Control point insertion: none
Control signal for control point: scan_enable
Observation point insertion: false
Observation logic depth: 5
1
# Synthesis all design (using : compile_ultra)
compile_ultra -gate_clock -exact_map -no_autoungroup -no_seq_output_inversion -no_boundary_optimization
Warning: The value of variable 'compile_preserve_subdesign_interfaces' has been changed to true because '-no_boundary_optimization' is used. (OPT-133)
Information: Starting from 2013.12 release, constant propagation is enabled even when boundary optimization is disabled. (OPT-1318)
Error: Current design is not defined. (UID-4)
0
compile_ultra -incremental -exact_map -no_autoungroup -no_seq_output_inversion -no_boundary_optimization
Warning: The value of variable 'compile_preserve_subdesign_interfaces' has been changed to true because '-no_boundary_optimization' is used. (OPT-133)
Information: Starting from 2013.12 release, constant propagation is enabled even when boundary optimization is disabled. (OPT-1318)
Error: Current design is not defined. (UID-4)
0
# Remove dummy ports
remove_unconnected_ports [get_cells -hierarchical *]
Error: Current design is not defined. (UID-4)
Error: Can't find objects matching '*'. (UID-109)
Error: Value for list 'cell_list' must have 1 elements. (CMD-036)
0
remove_unconnected_ports [get_cells -hierarchical *] -blast_buses
Error: Current design is not defined. (UID-4)
Error: Can't find objects matching '*'. (UID-109)
Error: Value for list 'cell_list' must have 1 elements. (CMD-036)
0
0
source -echo -verbose 3_report.tcl 
#------------------------------ Naming Rules ------------------------------
set bus_inference_style {%s[%d]}
%s[%d]
set bus_naming_style {%s[%d]}
%s[%d]
set hdlout_internal_busses true
true
change_names -rules verilog -hierarchy
Error: Current design is not defined. (UID-4)
0
define_name_rules name_rule -allowed {a-z A-Z 0-9 _} -max_length 255 -type cell
1
define_name_rules name_rule -allowed {a-z A-Z 0-9 _[]} -max_length 255 -type net
1
define_name_rules name_rule -map {{"\\*cell\\*" "cell"}}
1
define_name_rules name_rule -case_insensitive
1
change_names -hierarchy -rules name_rule
Error: Current design is not defined. (UID-4)
0
#------------------------------ Netlist-related ------------------------------
write -format ddc     -hierarchy -output ./netlist/${TOPLEVEL}_syn.ddc
Error: No files or designs were specified. (UID-22)
0
write -format verilog -hierarchy -output ./netlist/${TOPLEVEL}_syn.v
Error: No files or designs were specified. (UID-22)
0
write_sdf -version 2.1 -significant_digits 4 -context verilog ./netlist/${TOPLEVEL}_syn.sdf
Error: Current design is not defined. (UID-4)
0
write_sdc ./netlist/${TOPLEVEL}_syn.sdc
Error: Current design is not defined. (UID-4)
0
write_saif -output ./netlist/${TOPLEVEL}_syn.saif 
Error: Current design is not defined. (UID-4)
0
#------------------------------ Synthesis result reports ------------------------------
# Timing report
report_timing -delay min -max_paths 4 > ./report/report_hold_${TOPLEVEL}.out
report_timing -delay max -max_paths 4 > ./report/report_setup_${TOPLEVEL}.out
report_timing -path full -delay max -max_paths 1 -nworst 1 -significant_digits 4 > ./report/report_time_${TOPLEVEL}.out
# Area report
report_area -hier > ./report/report_area_${TOPLEVEL}.out
# Power report
report_power -hier > ./report/report_power_${TOPLEVEL}.out
# Violation report
report_constraint -all_violators > ./report/report_violation_${TOPLEVEL}.out
exit

Memory usage for this session 128 Mbytes.
Memory usage for this session including child processes 128 Mbytes.
CPU usage for this session 3 seconds ( 0.00 hours ).
Elapsed time for this session 6 seconds ( 0.00 hours ).

Thank you...
